<html>
<body>
<pre>
<h1>µVision Build Log</h1>
<h2>Tool Versions:</h2>
IDE-Version: ¦ÌVision V5.37.0.0
Copyright (C) 2022 ARM Ltd and ARM Germany GmbH. All rights reserved.
License Information: wen huafeng, ABC, LIC=32B1Q-NCLF6-45BT5-GWUAB-JXCRL-JTUCN
 
Tool Versions:
Toolchain:       MDK-ARM Plus  Version: 5.37.0.0
Toolchain Path:  D:\Keil_v5\ARM\ARMCC\Bin
C Compiler:      Armcc.exe V5.06 update 5 (build 528)
Assembler:       Armasm.exe V5.06 update 5 (build 528)
Linker/Locator:  ArmLink.exe V5.06 update 5 (build 528)
Library Manager: ArmAr.exe V5.06 update 5 (build 528)
Hex Converter:   FromElf.exe V5.06 update 5 (build 528)
CPU DLL:         SARMCM3.DLL V5.37.0.0
Dialog DLL:      DARMCM1.DLL V1.19.6.0
Target DLL:      STLink\ST-LINKIII-KEIL_SWO.dll V3.0.9.0
Dialog DLL:      TARMCM1.DLL V1.14.6.0
 
<h2>Project:</h2>
D:\src\0_examples\STM32\stm32l051k8t6_oled\source\MDK-ARM\stm32l051k8t6_oled.uvprojx
Project File Date:  10/08/2022

<h2>Output:</h2>
*** Using Compiler 'V5.06 update 5 (build 528)', folder: 'D:\Keil_v5\ARM\ARMCC\Bin'
Rebuild target 'stm32l051k8t6_oled'
assembling startup_stm32l051xx.s...
compiling stm32l0xx_ll_gpio.c...
compiling adc.c...
compiling stm32l0xx_it.c...
compiling stm32l0xx_ll_adc.c...
compiling dma.c...
compiling i2c.c...
compiling lptim.c...
compiling spi.c...
compiling rtc.c...
compiling gpio.c...
compiling usart.c...
compiling main.c...
compiling stm32l0xx_ll_exti.c...
compiling stm32l0xx_ll_rcc.c...
compiling stm32l0xx_ll_dma.c...
compiling stm32l0xx_ll_pwr.c...
compiling system_stm32l0xx.c...
compiling stm32l0xx_ll_i2c.c...
compiling stm32l0xx_ll_utils.c...
compiling stm32l0xx_ll_lptim.c...
compiling stm32l0xx_ll_spi.c...
compiling stm32l0xx_ll_usart.c...
compiling stm32l0xx_ll_rtc.c...
compiling clock.c...
compiling display.c...
compiling fonts.c...
compiling si7021_iic_sw.c...
compiling ssd1306_iic_sw.c...
compiling common.c...
compiling ssd1306_iic_hw.c...
compiling si7021_iic_hw.c...
compiling ssd1306.c...
compiling esp8266_at.c...
compiling si7021.c...
compiling wifi_uart_if.c...
linking...
Program Size: Code=13124 RO-data=9052 RW-data=80 ZI-data=2272  
FromELF: creating hex file...
After Build - User command #1: D:\Keil_v5\ARM\ARMCC\bin\fromelf.exe --bin -o ./stm32l051k8t6_oled/stm32l051k8t6_oled.bin ./stm32l051k8t6_oled/stm32l051k8t6_oled.axf
"stm32l051k8t6_oled\stm32l051k8t6_oled.axf" - 0 Error(s), 0 Warning(s).

<h2>Software Packages used:</h2>

Package Vendor: ARM
                http://www.keil.com/pack/ARM.CMSIS.5.9.0.pack
                ARM.CMSIS.5.9.0
                CMSIS (Common Microcontroller Software Interface Standard)
   * Component: CORE Version: 5.6.0

Package Vendor: Keil
                http://www.keil.com/pack/Keil.STM32L0xx_DFP.2.2.0.pack
                Keil.STM32L0xx_DFP.2.2.0
                STMicroelectronics STM32L0 Series Device Support, Drivers and Examples

<h2>Collection of Component include folders:</h2>
  ./RTE/_stm32l051k8t6_oled
  D:/Keil_v5/ARM/PACK/ARM/CMSIS/5.9.0/CMSIS/Core/Include
  D:/Keil_v5/ARM/PACK/Keil/STM32L0xx_DFP/2.2.0/Drivers/CMSIS/Device/ST/STM32L0xx/Include

<h2>Collection of Component Files used:</h2>

   * Component: ARM::CMSIS:CORE:5.6.0
      Include file:  CMSIS/Core/Include/tz_context.h
Build Time Elapsed:  00:00:08
</pre>
</body>
</html>
