Component: ARM Compiler 5.06 update 5 (build 528) Tool: armlink [4d35e2]

==============================================================================

Section Cross References

    startup_stm32l051xx.o(RESET) refers to startup_stm32l051xx.o(STACK) for __initial_sp
    startup_stm32l051xx.o(RESET) refers to startup_stm32l051xx.o(.text) for Reset_Handler
    startup_stm32l051xx.o(RESET) refers to stm32l0xx_it.o(i.NMI_Handler) for NMI_Handler
    startup_stm32l051xx.o(RESET) refers to stm32l0xx_it.o(i.HardFault_Handler) for HardFault_Handler
    startup_stm32l051xx.o(RESET) refers to stm32l0xx_it.o(i.SVC_Handler) for SVC_Handler
    startup_stm32l051xx.o(RESET) refers to stm32l0xx_it.o(i.PendSV_Handler) for PendSV_Handler
    startup_stm32l051xx.o(RESET) refers to stm32l0xx_it.o(i.SysTick_Handler) for SysTick_Handler
    startup_stm32l051xx.o(RESET) refers to stm32l0xx_it.o(i.RTC_IRQHandler) for RTC_IRQHandler
    startup_stm32l051xx.o(RESET) refers to stm32l0xx_it.o(i.DMA1_Channel4_5_6_7_IRQHandler) for DMA1_Channel4_5_6_7_IRQHandler
    startup_stm32l051xx.o(RESET) refers to stm32l0xx_it.o(i.LPTIM1_IRQHandler) for LPTIM1_IRQHandler
    startup_stm32l051xx.o(RESET) refers to stm32l0xx_it.o(i.USART2_IRQHandler) for USART2_IRQHandler
    startup_stm32l051xx.o(.text) refers to system_stm32l0xx.o(i.SystemInit) for SystemInit
    startup_stm32l051xx.o(.text) refers to entry.o(.ARM.Collect$$$$00000000) for __main
    main.o(i.SystemClock_Config) refers to stm32l0xx_ll_utils.o(i.LL_Init1msTick) for LL_Init1msTick
    main.o(i.SystemClock_Config) refers to stm32l0xx_ll_utils.o(i.LL_SetSystemCoreClock) for LL_SetSystemCoreClock
    main.o(i.SystemClock_Config) refers to main.o(i.LL_RCC_SetUSARTClockSource) for LL_RCC_SetUSARTClockSource
    main.o(i.main) refers to main.o(i.__NVIC_SetPriority) for __NVIC_SetPriority
    main.o(i.main) refers to main.o(i.SystemClock_Config) for SystemClock_Config
    main.o(i.main) refers to gpio.o(i.MX_GPIO_Init) for MX_GPIO_Init
    main.o(i.main) refers to rtc.o(i.MX_RTC_Init) for MX_RTC_Init
    main.o(i.main) refers to dma.o(i.MX_DMA_Init) for MX_DMA_Init
    main.o(i.main) refers to lptim.o(i.MX_LPTIM1_Init) for MX_LPTIM1_Init
    main.o(i.main) refers to usart.o(i.MX_USART2_UART_Init) for MX_USART2_UART_Init
    main.o(i.main) refers to usart.o(i.MX_USART1_UART_Init) for MX_USART1_UART_Init
    main.o(i.main) refers to common.o(i.COMMON_Init) for COMMON_Init
    main.o(i.main) refers to common.o(i.COMMON_Function) for COMMON_Function
    gpio.o(i.MX_GPIO_Init) refers to memseta.o(.text) for __aeabi_memclr4
    gpio.o(i.MX_GPIO_Init) refers to gpio.o(i.LL_IOP_GRP1_EnableClock) for LL_IOP_GRP1_EnableClock
    gpio.o(i.MX_GPIO_Init) refers to stm32l0xx_ll_gpio.o(i.LL_GPIO_Init) for LL_GPIO_Init
    adc.o(i.MX_ADC_Init) refers to memseta.o(.text) for __aeabi_memclr4
    adc.o(i.MX_ADC_Init) refers to stm32l0xx_ll_gpio.o(i.LL_GPIO_Init) for LL_GPIO_Init
    adc.o(i.MX_ADC_Init) refers to stm32l0xx_ll_adc.o(i.LL_ADC_REG_Init) for LL_ADC_REG_Init
    adc.o(i.MX_ADC_Init) refers to stm32l0xx_ll_adc.o(i.LL_ADC_Init) for LL_ADC_Init
    adc.o(i.MX_ADC_Init) refers to uidiv.o(.text) for __aeabi_uidivmod
    adc.o(i.MX_ADC_Init) refers to system_stm32l0xx.o(.data) for SystemCoreClock
    i2c.o(i.MX_I2C1_Init) refers to memseta.o(.text) for __aeabi_memclr4
    i2c.o(i.MX_I2C1_Init) refers to stm32l0xx_ll_gpio.o(i.LL_GPIO_Init) for LL_GPIO_Init
    i2c.o(i.MX_I2C1_Init) refers to stm32l0xx_ll_i2c.o(i.LL_I2C_Init) for LL_I2C_Init
    rtc.o(i.MX_RTC_Init) refers to stm32l0xx_ll_rtc.o(i.LL_RTC_Init) for LL_RTC_Init
    rtc.o(i.MX_RTC_Init) refers to stm32l0xx_ll_rtc.o(i.LL_RTC_TIME_Init) for LL_RTC_TIME_Init
    rtc.o(i.MX_RTC_Init) refers to stm32l0xx_ll_rtc.o(i.LL_RTC_DATE_Init) for LL_RTC_DATE_Init
    spi.o(i.MX_SPI1_Init) refers to memseta.o(.text) for __aeabi_memclr4
    spi.o(i.MX_SPI1_Init) refers to stm32l0xx_ll_gpio.o(i.LL_GPIO_Init) for LL_GPIO_Init
    spi.o(i.MX_SPI1_Init) refers to stm32l0xx_ll_spi.o(i.LL_SPI_Init) for LL_SPI_Init
    usart.o(i.LL_DMA_SetChannelPriorityLevel) refers to usart.o(.constdata) for .constdata
    usart.o(i.LL_DMA_SetDataTransferDirection) refers to usart.o(.constdata) for .constdata
    usart.o(i.LL_DMA_SetMemoryIncMode) refers to usart.o(.constdata) for .constdata
    usart.o(i.LL_DMA_SetMemorySize) refers to usart.o(.constdata) for .constdata
    usart.o(i.LL_DMA_SetMode) refers to usart.o(.constdata) for .constdata
    usart.o(i.LL_DMA_SetPeriphIncMode) refers to usart.o(.constdata) for .constdata
    usart.o(i.LL_DMA_SetPeriphSize) refers to usart.o(.constdata) for .constdata
    usart.o(i.MX_USART1_UART_Init) refers to memseta.o(.text) for __aeabi_memclr4
    usart.o(i.MX_USART1_UART_Init) refers to usart.o(i.LL_IOP_GRP1_EnableClock) for LL_IOP_GRP1_EnableClock
    usart.o(i.MX_USART1_UART_Init) refers to stm32l0xx_ll_gpio.o(i.LL_GPIO_Init) for LL_GPIO_Init
[...]
    Removing stm32l0xx_ll_adc.o(i.LL_ADC_Init), (56 bytes).
    Removing stm32l0xx_ll_adc.o(i.LL_ADC_REG_Init), (52 bytes).
    Removing stm32l0xx_ll_adc.o(i.LL_ADC_REG_StructInit), (18 bytes).
    Removing stm32l0xx_ll_adc.o(i.LL_ADC_StructInit), (16 bytes).
    Removing stm32l0xx_ll_dma.o(.rev16_text), (4 bytes).
    Removing stm32l0xx_ll_dma.o(.revsh_text), (4 bytes).
    Removing stm32l0xx_ll_dma.o(i.LL_DMA_DeInit), (220 bytes).
    Removing stm32l0xx_ll_dma.o(i.LL_DMA_Init), (100 bytes).
    Removing stm32l0xx_ll_dma.o(i.LL_DMA_SetPeriphRequest), (24 bytes).
    Removing stm32l0xx_ll_dma.o(i.LL_DMA_StructInit), (26 bytes).
    Removing stm32l0xx_ll_dma.o(.constdata), (7 bytes).
    Removing stm32l0xx_ll_rcc.o(.rev16_text), (4 bytes).
    Removing stm32l0xx_ll_rcc.o(.revsh_text), (4 bytes).
    Removing stm32l0xx_ll_rcc.o(i.LL_RCC_DeInit), (156 bytes).
    Removing stm32l0xx_ll_rcc.o(i.LL_RCC_GetI2CClockFreq), (100 bytes).
    Removing stm32l0xx_ll_rcc.o(i.LL_RCC_GetLPTIMClockFreq), (120 bytes).
    Removing stm32l0xx_ll_rcc.o(i.LL_RCC_GetLPUARTClockFreq), (100 bytes).
    Removing stm32l0xx_ll_rcc.o(i.LL_RCC_GetSystemClocksFreq), (32 bytes).
    Removing stm32l0xx_ll_utils.o(.rev16_text), (4 bytes).
    Removing stm32l0xx_ll_utils.o(.revsh_text), (4 bytes).
    Removing stm32l0xx_ll_utils.o(i.LL_PLL_ConfigSystemClock_HSE), (100 bytes).
    Removing stm32l0xx_ll_utils.o(i.LL_PLL_ConfigSystemClock_HSI), (80 bytes).
    Removing stm32l0xx_ll_utils.o(i.LL_RCC_PLL_ConfigDomain_SYS), (28 bytes).
    Removing stm32l0xx_ll_utils.o(i.LL_SetFlashLatency), (128 bytes).
    Removing stm32l0xx_ll_utils.o(i.UTILS_EnablePLLAndSwitchSystem), (148 bytes).
    Removing stm32l0xx_ll_utils.o(i.UTILS_GetPLLOutputFrequency), (28 bytes).
    Removing stm32l0xx_ll_utils.o(i.UTILS_PLL_IsBusy), (20 bytes).
    Removing stm32l0xx_ll_exti.o(.rev16_text), (4 bytes).
    Removing stm32l0xx_ll_exti.o(.revsh_text), (4 bytes).
    Removing stm32l0xx_ll_exti.o(i.LL_EXTI_DeInit), (36 bytes).
    Removing stm32l0xx_ll_exti.o(i.LL_EXTI_Init), (160 bytes).
    Removing stm32l0xx_ll_exti.o(i.LL_EXTI_StructInit), (14 bytes).
    Removing stm32l0xx_ll_i2c.o(.rev16_text), (4 bytes).
    Removing stm32l0xx_ll_i2c.o(.revsh_text), (4 bytes).
    Removing stm32l0xx_ll_i2c.o(i.LL_I2C_DeInit), (60 bytes).
    Removing stm32l0xx_ll_i2c.o(i.LL_I2C_StructInit), (22 bytes).
    Removing stm32l0xx_ll_lptim.o(.rev16_text), (4 bytes).
    Removing stm32l0xx_ll_lptim.o(.revsh_text), (4 bytes).
    Removing stm32l0xx_ll_lptim.o(i.LL_LPTIM_DeInit), (44 bytes).
    Removing stm32l0xx_ll_lptim.o(i.LL_LPTIM_Disable), (192 bytes).
    Removing stm32l0xx_ll_lptim.o(i.LL_LPTIM_Init), (48 bytes).
    Removing stm32l0xx_ll_lptim.o(i.LL_LPTIM_StructInit), (12 bytes).
    Removing stm32l0xx_ll_lptim.o(i.LL_RCC_SetLPTIMClockSource), (20 bytes).
    Removing stm32l0xx_ll_rtc.o(.rev16_text), (4 bytes).
    Removing stm32l0xx_ll_rtc.o(.revsh_text), (4 bytes).
    Removing stm32l0xx_ll_rtc.o(i.LL_RTC_ALMA_ConfigTime), (36 bytes).
    Removing stm32l0xx_ll_rtc.o(i.LL_RTC_ALMA_Init), (200 bytes).
    Removing stm32l0xx_ll_rtc.o(i.LL_RTC_ALMA_StructInit), (20 bytes).
    Removing stm32l0xx_ll_rtc.o(i.LL_RTC_ALMB_ConfigTime), (36 bytes).
    Removing stm32l0xx_ll_rtc.o(i.LL_RTC_ALMB_Init), (200 bytes).
    Removing stm32l0xx_ll_rtc.o(i.LL_RTC_ALMB_StructInit), (20 bytes).
    Removing stm32l0xx_ll_rtc.o(i.LL_RTC_DATE_StructInit), (14 bytes).
    Removing stm32l0xx_ll_rtc.o(i.LL_RTC_DeInit), (96 bytes).
    Removing stm32l0xx_ll_rtc.o(i.LL_RTC_ExitInitMode), (10 bytes).
    Removing stm32l0xx_ll_rtc.o(i.LL_RTC_StructInit), (14 bytes).
    Removing stm32l0xx_ll_rtc.o(i.LL_RTC_TIME_StructInit), (12 bytes).
    Removing stm32l0xx_ll_spi.o(.rev16_text), (4 bytes).
    Removing stm32l0xx_ll_spi.o(.revsh_text), (4 bytes).
    Removing stm32l0xx_ll_spi.o(i.LL_I2S_ConfigPrescaler), (16 bytes).
    Removing stm32l0xx_ll_spi.o(i.LL_I2S_DeInit), (8 bytes).
    Removing stm32l0xx_ll_spi.o(i.LL_I2S_Init), (160 bytes).
    Removing stm32l0xx_ll_spi.o(i.LL_I2S_StructInit), (18 bytes).
    Removing stm32l0xx_ll_spi.o(i.LL_SPI_DeInit), (68 bytes).
    Removing stm32l0xx_ll_spi.o(i.LL_SPI_Init), (108 bytes).
    Removing stm32l0xx_ll_spi.o(i.LL_SPI_StructInit), (26 bytes).
    Removing stm32l0xx_ll_pwr.o(.rev16_text), (4 bytes).
    Removing stm32l0xx_ll_pwr.o(.revsh_text), (4 bytes).
    Removing stm32l0xx_ll_pwr.o(i.LL_PWR_DeInit), (28 bytes).
    Removing stm32l0xx_ll_usart.o(.rev16_text), (4 bytes).
    Removing stm32l0xx_ll_usart.o(.revsh_text), (4 bytes).
    Removing stm32l0xx_ll_usart.o(i.LL_USART_ClockInit), (62 bytes).
    Removing stm32l0xx_ll_usart.o(i.LL_USART_ClockStructInit), (12 bytes).
    Removing stm32l0xx_ll_usart.o(i.LL_USART_DeInit), (72 bytes).
    Removing stm32l0xx_ll_usart.o(i.LL_USART_StructInit), (24 bytes).
    Removing system_stm32l0xx.o(.rev16_text), (4 bytes).
    Removing system_stm32l0xx.o(.revsh_text), (4 bytes).
    Removing system_stm32l0xx.o(i.SystemCoreClockUpdate), (156 bytes).
    Removing clock.o(.rev16_text), (4 bytes).
    Removing clock.o(.revsh_text), (4 bytes).
    Removing common.o(.rev16_text), (4 bytes).
    Removing common.o(.revsh_text), (4 bytes).
    Removing common.o(i.Get1sFlag), (12 bytes).
    Removing common.o(i.Get250msFlag), (12 bytes).
    Removing common.o(i.Get2sFlag), (12 bytes).
    Removing common.o(i.Get32HzFlag), (12 bytes).
    Removing common.o(i.Get32HzTwoFlag), (12 bytes).
    Removing common.o(i.Get500msFlag), (12 bytes).
    Removing common.o(i.Set1sFlag), (12 bytes).
    Removing common.o(i.Set250msFlag), (12 bytes).
    Removing common.o(i.Set2sFlag), (12 bytes).
    Removing common.o(i.Set32HzFlag), (12 bytes).
    Removing common.o(i.Set32HzTwoFlag), (12 bytes).
    Removing common.o(i.Set500msFlag), (12 bytes).
    Removing display.o(.rev16_text), (4 bytes).
    Removing display.o(.revsh_text), (4 bytes).
    Removing fonts.o(.rev16_text), (4 bytes).
    Removing fonts.o(.revsh_text), (4 bytes).
    Removing fonts.o(i.FONTS_GetStringSize), (28 bytes).
    Removing fonts.o(.constdata), (1900 bytes).
    Removing fonts.o(.data), (8 bytes).
    Removing ssd1306_iic_hw.o(.rev16_text), (4 bytes).
    Removing ssd1306_iic_hw.o(.revsh_text), (4 bytes).
    Removing ssd1306_iic_sw.o(.rev16_text), (4 bytes).
    Removing ssd1306_iic_sw.o(.revsh_text), (4 bytes).
    Removing ssd1306.o(.rev16_text), (4 bytes).
    Removing ssd1306.o(.revsh_text), (4 bytes).
    Removing ssd1306.o(i.SSD1306_Clear), (14 bytes).
    Removing ssd1306.o(i.SSD1306_DrawBitmap), (108 bytes).
    Removing ssd1306.o(i.SSD1306_DrawCircle), (262 bytes).
    Removing ssd1306.o(i.SSD1306_DrawFilledCircle), (254 bytes).
    Removing ssd1306.o(i.SSD1306_DrawFilledRectangle), (78 bytes).
    Removing ssd1306.o(i.SSD1306_DrawFilledTriangle), (182 bytes).
    Removing ssd1306.o(i.SSD1306_DrawLine), (272 bytes).
    Removing ssd1306.o(i.SSD1306_DrawRectangle), (108 bytes).
    Removing ssd1306.o(i.SSD1306_DrawTriangle), (56 bytes).
    Removing ssd1306.o(i.SSD1306_InvertDisplay), (18 bytes).
    Removing ssd1306.o(i.SSD1306_Off), (22 bytes).
    Removing ssd1306.o(i.SSD1306_On), (22 bytes).
    Removing ssd1306.o(i.SSD1306_ScrollLeft), (56 bytes).
    Removing ssd1306.o(i.SSD1306_ScrollRight), (56 bytes).
    Removing ssd1306.o(i.SSD1306_Scrolldiagleft), (68 bytes).
    Removing ssd1306.o(i.SSD1306_Scrolldiagright), (68 bytes).
    Removing ssd1306.o(i.SSD1306_Stopscroll), (10 bytes).
    Removing ssd1306.o(i.SSD1306_ToggleInvert), (48 bytes).
    Removing si7021_iic_hw.o(.rev16_text), (4 bytes).
    Removing si7021_iic_hw.o(.revsh_text), (4 bytes).
    Removing si7021_iic_sw.o(.rev16_text), (4 bytes).
    Removing si7021_iic_sw.o(.revsh_text), (4 bytes).
    Removing si7021.o(.rev16_text), (4 bytes).
    Removing si7021.o(.revsh_text), (4 bytes).
    Removing esp8266_at.o(.rev16_text), (4 bytes).
    Removing esp8266_at.o(.revsh_text), (4 bytes).
    Removing wifi_uart_if.o(.rev16_text), (4 bytes).
    Removing wifi_uart_if.o(.revsh_text), (4 bytes).
    Removing wifi_uart_if.o(i.WIFI_UART_RxCpltCallback), (2 bytes).
    Removing wifi_uart_if.o(i.WIFI_UART_TxCpltCallback), (2 bytes).

172 unused section(s) (total 9053 bytes) removed from the image.

==============================================================================

Image Symbol Table

    Local Symbols

    Symbol Name                              Value     Ov Type        Size  Object(Section)

    ../Core/Src/adc.c                        0x00000000   Number         0  adc.o ABSOLUTE
    ../Core/Src/dma.c                        0x00000000   Number         0  dma.o ABSOLUTE
    ../Core/Src/gpio.c                       0x00000000   Number         0  gpio.o ABSOLUTE
    ../Core/Src/i2c.c                        0x00000000   Number         0  i2c.o ABSOLUTE
    ../Core/Src/lptim.c                      0x00000000   Number         0  lptim.o ABSOLUTE
    ../Core/Src/main.c                       0x00000000   Number         0  main.o ABSOLUTE
    ../Core/Src/rtc.c                        0x00000000   Number         0  rtc.o ABSOLUTE
    ../Core/Src/spi.c                        0x00000000   Number         0  spi.o ABSOLUTE
    ../Core/Src/stm32l0xx_it.c               0x00000000   Number         0  stm32l0xx_it.o ABSOLUTE
    ../Core/Src/system_stm32l0xx.c           0x00000000   Number         0  system_stm32l0xx.o ABSOLUTE
    ../Core/Src/usart.c                      0x00000000   Number         0  usart.o ABSOLUTE
    ../Drivers/STM32L0xx_HAL_Driver/Src/stm32l0xx_ll_adc.c 0x00000000   Number         0  stm32l0xx_ll_adc.o ABSOLUTE
    ../Drivers/STM32L0xx_HAL_Driver/Src/stm32l0xx_ll_dma.c 0x00000000   Number         0  stm32l0xx_ll_dma.o ABSOLUTE
    ../Drivers/STM32L0xx_HAL_Driver/Src/stm32l0xx_ll_exti.c 0x00000000   Number         0  stm32l0xx_ll_exti.o ABSOLUTE
    ../Drivers/STM32L0xx_HAL_Driver/Src/stm32l0xx_ll_gpio.c 0x00000000   Number         0  stm32l0xx_ll_gpio.o ABSOLUTE
    ../Drivers/STM32L0xx_HAL_Driver/Src/stm32l0xx_ll_i2c.c 0x00000000   Number         0  stm32l0xx_ll_i2c.o ABSOLUTE
    ../Drivers/STM32L0xx_HAL_Driver/Src/stm32l0xx_ll_lptim.c 0x00000000   Number         0  stm32l0xx_ll_lptim.o ABSOLUTE
    ../Drivers/STM32L0xx_HAL_Driver/Src/stm32l0xx_ll_pwr.c 0x00000000   Number         0  stm32l0xx_ll_pwr.o ABSOLUTE
    ../Drivers/STM32L0xx_HAL_Driver/Src/stm32l0xx_ll_rcc.c 0x00000000   Number         0  stm32l0xx_ll_rcc.o ABSOLUTE
    ../Drivers/STM32L0xx_HAL_Driver/Src/stm32l0xx_ll_rtc.c 0x00000000   Number         0  stm32l0xx_ll_rtc.o ABSOLUTE
    ../Drivers/STM32L0xx_HAL_Driver/Src/stm32l0xx_ll_spi.c 0x00000000   Number         0  stm32l0xx_ll_spi.o ABSOLUTE
    ../Drivers/STM32L0xx_HAL_Driver/Src/stm32l0xx_ll_usart.c 0x00000000   Number         0  stm32l0xx_ll_usart.o ABSOLUTE
    ../Drivers/STM32L0xx_HAL_Driver/Src/stm32l0xx_ll_utils.c 0x00000000   Number         0  stm32l0xx_ll_utils.o ABSOLUTE
    ../clib/microlib/division.c              0x00000000   Number         0  idiv.o ABSOLUTE
    ../clib/microlib/division.c              0x00000000   Number         0  uidiv.o ABSOLUTE
    ../clib/microlib/division.c              0x00000000   Number         0  uldiv.o ABSOLUTE
    ../clib/microlib/init/entry.s            0x00000000   Number         0  entry10b.o ABSOLUTE
    ../clib/microlib/init/entry.s            0x00000000   Number         0  entry11a.o ABSOLUTE
    ../clib/microlib/init/entry.s            0x00000000   Number         0  entry.o ABSOLUTE
    ../clib/microlib/init/entry.s            0x00000000   Number         0  entry11b.o ABSOLUTE
    ../clib/microlib/init/entry.s            0x00000000   Number         0  entry2.o ABSOLUTE
    ../clib/microlib/init/entry.s            0x00000000   Number         0  entry5.o ABSOLUTE
    ../clib/microlib/init/entry.s            0x00000000   Number         0  entry7a.o ABSOLUTE
    ../clib/microlib/init/entry.s            0x00000000   Number         0  entry8a.o ABSOLUTE
    ../clib/microlib/init/entry.s            0x00000000   Number         0  entry7b.o ABSOLUTE
    ../clib/microlib/init/entry.s            0x00000000   Number         0  entry8b.o ABSOLUTE
    ../clib/microlib/init/entry.s            0x00000000   Number         0  entry9a.o ABSOLUTE
    ../clib/microlib/init/entry.s            0x00000000   Number         0  entry9b.o ABSOLUTE
    ../clib/microlib/init/entry.s            0x00000000   Number         0  entry10a.o ABSOLUTE
    ../clib/microlib/longlong.c              0x00000000   Number         0  llshl.o ABSOLUTE
    ../clib/microlib/longlong.c              0x00000000   Number         0  llsshr.o ABSOLUTE
    ../clib/microlib/longlong.c              0x00000000   Number         0  llushr.o ABSOLUTE
    ../clib/microlib/printf/printf.c         0x00000000   Number         0  printfa.o ABSOLUTE
    ../clib/microlib/printf/printf.c         0x00000000   Number         0  printf0.o ABSOLUTE
    ../clib/microlib/printf/printf.c         0x00000000   Number         0  printfb.o ABSOLUTE
    ../clib/microlib/printf/printf.c         0x00000000   Number         0  printf1.o ABSOLUTE
    ../clib/microlib/printf/printf.c         0x00000000   Number         0  printf2.o ABSOLUTE
    ../clib/microlib/printf/printf.c         0x00000000   Number         0  printf8.o ABSOLUTE
    ../clib/microlib/printf/printf.c         0x00000000   Number         0  printf3.o ABSOLUTE
    ../clib/microlib/printf/printf.c         0x00000000   Number         0  printf4.o ABSOLUTE
    ../clib/microlib/printf/printf.c         0x00000000   Number         0  printf5.o ABSOLUTE
    ../clib/microlib/printf/printf.c         0x00000000   Number         0  printf6.o ABSOLUTE
    ../clib/microlib/printf/printf.c         0x00000000   Number         0  printf7.o ABSOLUTE
    ../clib/microlib/printf/stubs.s          0x00000000   Number         0  stubs.o ABSOLUTE
    ../clib/microlib/stdio/streams.c         0x00000000   Number         0  stdout.o ABSOLUTE
    ../clib/microlib/string/memcpy.c         0x00000000   Number         0  memcpyb.o ABSOLUTE
    ../clib/microlib/string/memcpy.c         0x00000000   Number         0  memcpya.o ABSOLUTE
    ../clib/microlib/string/memset.c         0x00000000   Number         0  memseta.o ABSOLUTE
    ../clib/microlib/string/strcmp.c         0x00000000   Number         0  strcmp.o ABSOLUTE
    ../clib/microlib/string/strlen.c         0x00000000   Number         0  strlen.o ABSOLUTE
    ../clib/microlib/string/strstr.c         0x00000000   Number         0  strstr.o ABSOLUTE
    ../clib/microlib/stubs.s                 0x00000000   Number         0  iusefp.o ABSOLUTE
    ../fplib/microlib/d2f.c                  0x00000000   Number         0  d2f.o ABSOLUTE
    ../fplib/microlib/f2d.c                  0x00000000   Number         0  f2d.o ABSOLUTE
    ../fplib/microlib/fpadd.c                0x00000000   Number         0  dadd.o ABSOLUTE
    ../fplib/microlib/fpadd.c                0x00000000   Number         0  fadd.o ABSOLUTE
    ../fplib/microlib/fpdiv.c                0x00000000   Number         0  ddiv.o ABSOLUTE
    ../fplib/microlib/fpepilogue.c           0x00000000   Number         0  fepilogue.o ABSOLUTE
    ../fplib/microlib/fpepilogue.c           0x00000000   Number         0  depilogue.o ABSOLUTE
    ../fplib/microlib/fpfix.c                0x00000000   Number         0  ffixui.o ABSOLUTE
    ../fplib/microlib/fpfix.c                0x00000000   Number         0  ffixi.o ABSOLUTE
    ../fplib/microlib/fpfix.c                0x00000000   Number         0  dfixul.o ABSOLUTE
    ../fplib/microlib/fpflt.c                0x00000000   Number         0  dfltui.o ABSOLUTE
    ../fplib/microlib/fpmul.c                0x00000000   Number         0  dmul.o ABSOLUTE
    ../fplib/microlib/fpmul.c                0x00000000   Number         0  fmul.o ABSOLUTE
    ../fplib/microlib/fpscalb.c              0x00000000   Number         0  fscalb.o ABSOLUTE
    ../user/clock/clock.c                    0x00000000   Number         0  clock.o ABSOLUTE
    ../user/common/common.c                  0x00000000   Number         0  common.o ABSOLUTE
    ../user/oled/display.c                   0x00000000   Number         0  display.o ABSOLUTE
    ../user/oled/fonts.c                     0x00000000   Number         0  fonts.o ABSOLUTE
    ../user/oled/ssd1306.c                   0x00000000   Number         0  ssd1306.o ABSOLUTE
    ../user/oled/ssd1306_iic_hw.c            0x00000000   Number         0  ssd1306_iic_hw.o ABSOLUTE
    ../user/oled/ssd1306_iic_sw.c            0x00000000   Number         0  ssd1306_iic_sw.o ABSOLUTE
    ../user/temp_humi/si7021.c               0x00000000   Number         0  si7021.o ABSOLUTE
    ../user/temp_humi/si7021_iic_hw.c        0x00000000   Number         0  si7021_iic_hw.o ABSOLUTE
    ../user/temp_humi/si7021_iic_sw.c        0x00000000   Number         0  si7021_iic_sw.o ABSOLUTE
    ../user/wifi/esp8266_at.c                0x00000000   Number         0  esp8266_at.o ABSOLUTE
    ../user/wifi/wifi_uart_if.c              0x00000000   Number         0  wifi_uart_if.o ABSOLUTE
    ..\Core\Src\adc.c                        0x00000000   Number         0  adc.o ABSOLUTE
    ..\Core\Src\dma.c                        0x00000000   Number         0  dma.o ABSOLUTE
    ..\Core\Src\gpio.c                       0x00000000   Number         0  gpio.o ABSOLUTE
    ..\Core\Src\i2c.c                        0x00000000   Number         0  i2c.o ABSOLUTE
    ..\Core\Src\lptim.c                      0x00000000   Number         0  lptim.o ABSOLUTE
    ..\Core\Src\main.c                       0x00000000   Number         0  main.o ABSOLUTE
    ..\Core\Src\rtc.c                        0x00000000   Number         0  rtc.o ABSOLUTE
    ..\Core\Src\spi.c                        0x00000000   Number         0  spi.o ABSOLUTE
    ..\Core\Src\stm32l0xx_it.c               0x00000000   Number         0  stm32l0xx_it.o ABSOLUTE
    ..\Core\Src\system_stm32l0xx.c           0x00000000   Number         0  system_stm32l0xx.o ABSOLUTE
    ..\Core\Src\usart.c                      0x00000000   Number         0  usart.o ABSOLUTE
    ..\Drivers\STM32L0xx_HAL_Driver\Src\stm32l0xx_ll_adc.c 0x00000000   Number         0  stm32l0xx_ll_adc.o ABSOLUTE
    ..\Drivers\STM32L0xx_HAL_Driver\Src\stm32l0xx_ll_dma.c 0x00000000   Number         0  stm32l0xx_ll_dma.o ABSOLUTE
    ..\Drivers\STM32L0xx_HAL_Driver\Src\stm32l0xx_ll_exti.c 0x00000000   Number         0  stm32l0xx_ll_exti.o ABSOLUTE
    ..\Drivers\STM32L0xx_HAL_Driver\Src\stm32l0xx_ll_gpio.c 0x00000000   Number         0  stm32l0xx_ll_gpio.o ABSOLUTE
    ..\Drivers\STM32L0xx_HAL_Driver\Src\stm32l0xx_ll_i2c.c 0x00000000   Number         0  stm32l0xx_ll_i2c.o ABSOLUTE
    ..\Drivers\STM32L0xx_HAL_Driver\Src\stm32l0xx_ll_lptim.c 0x00000000   Number         0  stm32l0xx_ll_lptim.o ABSOLUTE
    ..\Drivers\STM32L0xx_HAL_Driver\Src\stm32l0xx_ll_pwr.c 0x00000000   Number         0  stm32l0xx_ll_pwr.o ABSOLUTE
    ..\Drivers\STM32L0xx_HAL_Driver\Src\stm32l0xx_ll_rcc.c 0x00000000   Number         0  stm32l0xx_ll_rcc.o ABSOLUTE
    ..\Drivers\STM32L0xx_HAL_Driver\Src\stm32l0xx_ll_rtc.c 0x00000000   Number         0  stm32l0xx_ll_rtc.o ABSOLUTE
    ..\Drivers\STM32L0xx_HAL_Driver\Src\stm32l0xx_ll_spi.c 0x00000000   Number         0  stm32l0xx_ll_spi.o ABSOLUTE
    ..\Drivers\STM32L0xx_HAL_Driver\Src\stm32l0xx_ll_usart.c 0x00000000   Number         0  stm32l0xx_ll_usart.o ABSOLUTE
    ..\Drivers\STM32L0xx_HAL_Driver\Src\stm32l0xx_ll_utils.c 0x00000000   Number         0  stm32l0xx_ll_utils.o ABSOLUTE
    ..\user\clock\clock.c                    0x00000000   Number         0  clock.o ABSOLUTE
    ..\user\common\common.c                  0x00000000   Number         0  common.o ABSOLUTE
    ..\user\oled\display.c                   0x00000000   Number         0  display.o ABSOLUTE
    ..\user\oled\fonts.c                     0x00000000   Number         0  fonts.o ABSOLUTE
    ..\user\oled\ssd1306.c                   0x00000000   Number         0  ssd1306.o ABSOLUTE
    ..\user\oled\ssd1306_iic_hw.c            0x00000000   Number         0  ssd1306_iic_hw.o ABSOLUTE
    ..\user\oled\ssd1306_iic_sw.c            0x00000000   Number         0  ssd1306_iic_sw.o ABSOLUTE
    ..\user\temp_humi\si7021.c               0x00000000   Number         0  si7021.o ABSOLUTE
    ..\user\temp_humi\si7021_iic_hw.c        0x00000000   Number         0  si7021_iic_hw.o ABSOLUTE
    ..\user\temp_humi\si7021_iic_sw.c        0x00000000   Number         0  si7021_iic_sw.o ABSOLUTE
    ..\user\wifi\esp8266_at.c                0x00000000   Number         0  esp8266_at.o ABSOLUTE
    ..\user\wifi\wifi_uart_if.c              0x00000000   Number         0  wifi_uart_if.o ABSOLUTE
    cdrcmple.s                               0x00000000   Number         0  cdrcmple.o ABSOLUTE
    dc.s                                     0x00000000   Number         0  dc.o ABSOLUTE
    handlers.s                               0x00000000   Number         0  handlers.o ABSOLUTE
    init.s                                   0x00000000   Number         0  init.o ABSOLUTE
    startup_stm32l051xx.s                    0x00000000   Number         0  startup_stm32l051xx.o ABSOLUTE
    RESET                                    0x08000000   Section      192  startup_stm32l051xx.o(RESET)
    .ARM.Collect$$$$00000000                 0x080000c0   Section        0  entry.o(.ARM.Collect$$$$00000000)
    .ARM.Collect$$$$00000001                 0x080000c0   Section        4  entry2.o(.ARM.Collect$$$$00000001)
    .ARM.Collect$$$$00000004                 0x080000c4   Section        4  entry5.o(.ARM.Collect$$$$00000004)
    .ARM.Collect$$$$00000008                 0x080000c8   Section        0  entry7b.o(.ARM.Collect$$$$00000008)
    .ARM.Collect$$$$0000000A                 0x080000c8   Section        0  entry8b.o(.ARM.Collect$$$$0000000A)
    .ARM.Collect$$$$0000000B                 0x080000c8   Section        8  entry9a.o(.ARM.Collect$$$$0000000B)
    .ARM.Collect$$$$0000000D                 0x080000d0   Section        0  entry10a.o(.ARM.Collect$$$$0000000D)
    .ARM.Collect$$$$0000000F                 0x080000d0   Section        0  entry11a.o(.ARM.Collect$$$$0000000F)
    .ARM.Collect$$$$00002712                 0x080000d0   Section        4  entry2.o(.ARM.Collect$$$$00002712)
    __lit__00000000                          0x080000d0   Data           4  entry2.o(.ARM.Collect$$$$00002712)
    .text                                    0x080000d4   Section       28  startup_stm32l051xx.o(.text)
    .text                                    0x080000f0   Section        0  uidiv.o(.text)
    .text                                    0x0800011c   Section        0  idiv.o(.text)
    .text                                    0x08000144   Section        0  memcpya.o(.text)
    .text                                    0x08000168   Section        0  memseta.o(.text)
    .text                                    0x0800018c   Section        0  strstr.o(.text)
    .text                                    0x080001b4   Section        0  strcmp.o(.text)
    .text                                    0x080001d0   Section        0  fadd.o(.text)
    .text                                    0x08000282   Section        0  fmul.o(.text)
    .text                                    0x080002fc   Section        0  fscalb.o(.text)
    .text                                    0x08000314   Section        0  dadd.o(.text)
    .text                                    0x08000478   Section        0  dmul.o(.text)
    .text                                    0x08000548   Section        0  dfltui.o(.text)
    .text                                    0x08000564   Section        0  ffixi.o(.text)
    .text                                    0x08000596   Section        0  ffixui.o(.text)
    .text                                    0x080005be   Section        0  f2d.o(.text)
    .text                                    0x080005e6   Section        0  d2f.o(.text)
    .text                                    0x0800061e   Section        0  uldiv.o(.text)
    .text                                    0x0800067e   Section        0  llshl.o(.text)
    .text                                    0x0800069e   Section        0  llsshr.o(.text)
    .text                                    0x080006c4   Section        0  fepilogue.o(.text)
    .text                                    0x080006c4   Section        0  iusefp.o(.text)
    .text                                    0x08000746   Section        0  depilogue.o(.text)
    .text                                    0x08000804   Section        0  ddiv.o(.text)
    .text                                    0x080008f4   Section        0  dfixul.o(.text)
    .text                                    0x08000934   Section       40  cdrcmple.o(.text)
    .text                                    0x0800095c   Section       36  init.o(.text)
    .text                                    0x08000980   Section        0  llushr.o(.text)
    i.AscToHex                               0x080009a2   Section        0  esp8266_at.o(i.AscToHex)
    AscToHex                                 0x080009a3   Thumb Code    42  esp8266_at.o(i.AscToHex)
    i.CLOCK_CalculateWeek                    0x080009cc   Section        0  clock.o(i.CLOCK_CalculateWeek)
    i.CLOCK_Get                              0x08000a30   Section        0  clock.o(i.CLOCK_Get)
    i.CLOCK_GetData                          0x08000ad0   Section        0  clock.o(i.CLOCK_GetData)
    i.CLOCK_Run                              0x08000ad8   Section        0  clock.o(i.CLOCK_Run)
    i.CLOCK_Set                              0x08000b90   Section        0  clock.o(i.CLOCK_Set)
    i.COMMON_Function                        0x08000c84   Section        0  common.o(i.COMMON_Function)
    i.COMMON_Init                            0x08000cc4   Section        0  common.o(i.COMMON_Init)
    i.DISP_Clock                             0x08000d60   Section        0  display.o(i.DISP_Clock)
    i.DISP_Init                              0x08000e98   Section        0  display.o(i.DISP_Init)
    i.DMA1_Channel4_5_6_7_IRQHandler         0x08000ed4   Section        0  stm32l0xx_it.o(i.DMA1_Channel4_5_6_7_IRQHandler)
    i.GetWifiData                            0x08000ed8   Section        0  esp8266_at.o(i.GetWifiData)
    i.HardFault_Handler                      0x08000ee0   Section        0  stm32l0xx_it.o(i.HardFault_Handler)
    i.LL_DMA_SetChannelPriorityLevel         0x08000ee4   Section        0  usart.o(i.LL_DMA_SetChannelPriorityLevel)
    LL_DMA_SetChannelPriorityLevel           0x08000ee5   Thumb Code    24  usart.o(i.LL_DMA_SetChannelPriorityLevel)
    i.LL_DMA_SetDataTransferDirection        0x08000f00   Section        0  usart.o(i.LL_DMA_SetDataTransferDirection)
    LL_DMA_SetDataTransferDirection          0x08000f01   Thumb Code    22  usart.o(i.LL_DMA_SetDataTransferDirection)
    i.LL_DMA_SetMemoryIncMode                0x08000f20   Section        0  usart.o(i.LL_DMA_SetMemoryIncMode)
    LL_DMA_SetMemoryIncMode                  0x08000f21   Thumb Code    22  usart.o(i.LL_DMA_SetMemoryIncMode)
    i.LL_DMA_SetMemorySize                   0x08000f3c   Section        0  usart.o(i.LL_DMA_SetMemorySize)
    LL_DMA_SetMemorySize                     0x08000f3d   Thumb Code    24  usart.o(i.LL_DMA_SetMemorySize)
    i.LL_DMA_SetMode                         0x08000f58   Section        0  usart.o(i.LL_DMA_SetMode)
    LL_DMA_SetMode                           0x08000f59   Thumb Code    22  usart.o(i.LL_DMA_SetMode)
    i.LL_DMA_SetPeriphIncMode                0x08000f74   Section        0  usart.o(i.LL_DMA_SetPeriphIncMode)
    LL_DMA_SetPeriphIncMode                  0x08000f75   Thumb Code    22  usart.o(i.LL_DMA_SetPeriphIncMode)
    i.LL_DMA_SetPeriphRequest                0x08000f90   Section        0  usart.o(i.LL_DMA_SetPeriphRequest)
    LL_DMA_SetPeriphRequest                  0x08000f91   Thumb Code    24  usart.o(i.LL_DMA_SetPeriphRequest)
    i.LL_DMA_SetPeriphSize                   0x08000fa8   Section        0  usart.o(i.LL_DMA_SetPeriphSize)
    LL_DMA_SetPeriphSize                     0x08000fa9   Thumb Code    24  usart.o(i.LL_DMA_SetPeriphSize)
    i.LL_GPIO_Init                           0x08000fc4   Section        0  stm32l0xx_ll_gpio.o(i.LL_GPIO_Init)
    i.LL_I2C_Init                            0x08001072   Section        0  stm32l0xx_ll_i2c.o(i.LL_I2C_Init)
    i.LL_IOP_GRP1_EnableClock                0x080010e0   Section        0  gpio.o(i.LL_IOP_GRP1_EnableClock)
    LL_IOP_GRP1_EnableClock                  0x080010e1   Thumb Code    18  gpio.o(i.LL_IOP_GRP1_EnableClock)
    i.LL_IOP_GRP1_EnableClock                0x080010f8   Section        0  usart.o(i.LL_IOP_GRP1_EnableClock)
    LL_IOP_GRP1_EnableClock                  0x080010f9   Thumb Code    18  usart.o(i.LL_IOP_GRP1_EnableClock)
    i.LL_Init1msTick                         0x08001110   Section        0  stm32l0xx_ll_utils.o(i.LL_Init1msTick)
    i.LL_RCC_GetUSARTClockFreq               0x08001130   Section        0  stm32l0xx_ll_rcc.o(i.LL_RCC_GetUSARTClockFreq)
    i.LL_RCC_GetUSARTClockSource             0x080011c0   Section        0  stm32l0xx_ll_rcc.o(i.LL_RCC_GetUSARTClockSource)
    LL_RCC_GetUSARTClockSource               0x080011c1   Thumb Code    12  stm32l0xx_ll_rcc.o(i.LL_RCC_GetUSARTClockSource)
    i.LL_RCC_HSI_IsReady                     0x080011d0   Section        0  stm32l0xx_ll_rcc.o(i.LL_RCC_HSI_IsReady)
    LL_RCC_HSI_IsReady                       0x080011d1   Thumb Code    10  stm32l0xx_ll_rcc.o(i.LL_RCC_HSI_IsReady)
    i.LL_RCC_IsActiveFlag_HSIDIV             0x080011e0   Section        0  stm32l0xx_ll_rcc.o(i.LL_RCC_IsActiveFlag_HSIDIV)
    LL_RCC_IsActiveFlag_HSIDIV               0x080011e1   Thumb Code    10  stm32l0xx_ll_rcc.o(i.LL_RCC_IsActiveFlag_HSIDIV)
    i.LL_RCC_LSE_IsReady                     0x080011f0   Section        0  stm32l0xx_ll_rcc.o(i.LL_RCC_LSE_IsReady)
    LL_RCC_LSE_IsReady                       0x080011f1   Thumb Code    10  stm32l0xx_ll_rcc.o(i.LL_RCC_LSE_IsReady)
    i.LL_RCC_SetUSARTClockSource             0x08001200   Section        0  main.o(i.LL_RCC_SetUSARTClockSource)
    LL_RCC_SetUSARTClockSource               0x08001201   Thumb Code    16  main.o(i.LL_RCC_SetUSARTClockSource)
    i.LL_RTC_DATE_Config                     0x08001214   Section        0  stm32l0xx_ll_rtc.o(i.LL_RTC_DATE_Config)
    LL_RTC_DATE_Config                       0x08001215   Thumb Code    34  stm32l0xx_ll_rtc.o(i.LL_RTC_DATE_Config)
    i.LL_RTC_DATE_Init                       0x0800123c   Section        0  stm32l0xx_ll_rtc.o(i.LL_RTC_DATE_Init)
    i.LL_RTC_EnterInitMode                   0x080012d0   Section        0  stm32l0xx_ll_rtc.o(i.LL_RTC_EnterInitMode)
    i.LL_RTC_Init                            0x0800131c   Section        0  stm32l0xx_ll_rtc.o(i.LL_RTC_Init)
    i.LL_RTC_TIME_Config                     0x08001370   Section        0  stm32l0xx_ll_rtc.o(i.LL_RTC_TIME_Config)
    LL_RTC_TIME_Config                       0x08001371   Thumb Code    32  stm32l0xx_ll_rtc.o(i.LL_RTC_TIME_Config)
    i.LL_RTC_TIME_Init                       0x08001394   Section        0  stm32l0xx_ll_rtc.o(i.LL_RTC_TIME_Init)
    i.LL_RTC_WaitForSynchro                  0x08001424   Section        0  stm32l0xx_ll_rtc.o(i.LL_RTC_WaitForSynchro)
    i.LL_SetSystemCoreClock                  0x08001498   Section        0  stm32l0xx_ll_utils.o(i.LL_SetSystemCoreClock)
    i.LL_USART_ConfigAsyncMode               0x080014a4   Section        0  usart.o(i.LL_USART_ConfigAsyncMode)
    LL_USART_ConfigAsyncMode                 0x080014a5   Thumb Code    20  usart.o(i.LL_USART_ConfigAsyncMode)
    i.LL_USART_Init                          0x080014b8   Section        0  stm32l0xx_ll_usart.o(i.LL_USART_Init)
    i.LL_mDelay                              0x08001560   Section        0  stm32l0xx_ll_utils.o(i.LL_mDelay)
    i.LPTIM1_IRQHandler                      0x08001580   Section        0  stm32l0xx_it.o(i.LPTIM1_IRQHandler)
    i.LPTIM1_IsrHandle                       0x08001588   Section        0  common.o(i.LPTIM1_IsrHandle)
    i.MX_DMA_Init                            0x080015f0   Section        0  dma.o(i.MX_DMA_Init)
    i.MX_GPIO_Init                           0x08001624   Section        0  gpio.o(i.MX_GPIO_Init)
    i.MX_I2C1_Init                           0x0800167c   Section        0  i2c.o(i.MX_I2C1_Init)
    i.MX_LPTIM1_Init                         0x08001740   Section        0  lptim.o(i.MX_LPTIM1_Init)
    i.MX_RTC_Init                            0x080017b4   Section        0  rtc.o(i.MX_RTC_Init)
    i.MX_USART1_UART_Init                    0x08001824   Section        0  usart.o(i.MX_USART1_UART_Init)
    i.MX_USART2_UART_Init                    0x080018c0   Section        0  usart.o(i.MX_USART2_UART_Init)
    i.NMI_Handler                            0x08001a14   Section        0  stm32l0xx_it.o(i.NMI_Handler)
    i.PendSV_Handler                         0x08001a16   Section        0  stm32l0xx_it.o(i.PendSV_Handler)
    i.PrintUsart2                            0x08001a18   Section        0  wifi_uart_if.o(i.PrintUsart2)
    i.ProcessClock                           0x08001a64   Section        0  esp8266_at.o(i.ProcessClock)
    ProcessClock                             0x08001a65   Thumb Code   406  esp8266_at.o(i.ProcessClock)
    i.RCC_GetHCLKClockFreq                   0x08001c6c   Section        0  stm32l0xx_ll_rcc.o(i.RCC_GetHCLKClockFreq)
    RCC_GetHCLKClockFreq                     0x08001c6d   Thumb Code    18  stm32l0xx_ll_rcc.o(i.RCC_GetHCLKClockFreq)
    i.RCC_GetPCLK1ClockFreq                  0x08001c88   Section        0  stm32l0xx_ll_rcc.o(i.RCC_GetPCLK1ClockFreq)
    RCC_GetPCLK1ClockFreq                    0x08001c89   Thumb Code    16  stm32l0xx_ll_rcc.o(i.RCC_GetPCLK1ClockFreq)
    i.RCC_GetPCLK2ClockFreq                  0x08001ca0   Section        0  stm32l0xx_ll_rcc.o(i.RCC_GetPCLK2ClockFreq)
    RCC_GetPCLK2ClockFreq                    0x08001ca1   Thumb Code    16  stm32l0xx_ll_rcc.o(i.RCC_GetPCLK2ClockFreq)
    i.RCC_GetSystemClockFreq                 0x08001cb8   Section        0  stm32l0xx_ll_rcc.o(i.RCC_GetSystemClockFreq)
    RCC_GetSystemClockFreq                   0x08001cb9   Thumb Code   116  stm32l0xx_ll_rcc.o(i.RCC_GetSystemClockFreq)
    i.RTC_IRQHandler                         0x08001d3c   Section        0  stm32l0xx_it.o(i.RTC_IRQHandler)
    i.SI7021_GetHumi                         0x08001d40   Section        0  si7021.o(i.SI7021_GetHumi)
    i.SI7021_GetTemp                         0x08001d4c   Section        0  si7021.o(i.SI7021_GetTemp)
    i.SI7021_I2C_Init                        0x08001d58   Section        0  si7021_iic_hw.o(i.SI7021_I2C_Init)
    i.SI7021_Init                            0x08001d70   Section        0  si7021.o(i.SI7021_Init)
    i.SI7021_Measure                         0x08001da4   Section        0  si7021_iic_hw.o(i.SI7021_Measure)
    i.SI7021_SampleTempHumi                  0x0800203c   Section        0  si7021.o(i.SI7021_SampleTempHumi)
    i.SSD1306_DrawPixel                      0x080020c8   Section        0  ssd1306.o(i.SSD1306_DrawPixel)
    i.SSD1306_Fill                           0x0800210c   Section        0  ssd1306.o(i.SSD1306_Fill)
    i.SSD1306_GotoXY                         0x08002128   Section        0  ssd1306.o(i.SSD1306_GotoXY)
    i.SSD1306_I2C_Init                       0x08002134   Section        0  ssd1306_iic_hw.o(i.SSD1306_I2C_Init)
    i.SSD1306_I2C_Write                      0x0800214c   Section        0  ssd1306_iic_hw.o(i.SSD1306_I2C_Write)
    SSD1306_I2C_Write                        0x0800214d   Thumb Code   214  ssd1306_iic_hw.o(i.SSD1306_I2C_Write)
    i.SSD1306_I2C_WriteMulti                 0x08002258   Section        0  ssd1306_iic_hw.o(i.SSD1306_I2C_WriteMulti)
    i.SSD1306_Init                           0x08002264   Section        0  ssd1306.o(i.SSD1306_Init)
    i.SSD1306_Putc                           0x08002344   Section        0  ssd1306.o(i.SSD1306_Putc)
    i.SSD1306_Puts                           0x080023d4   Section        0  ssd1306.o(i.SSD1306_Puts)
    i.SSD1306_UpdateScreen                   0x080023fc   Section        0  ssd1306.o(i.SSD1306_UpdateScreen)
    i.SSD1306_WriteCommand                   0x08002434   Section        0  ssd1306_iic_hw.o(i.SSD1306_WriteCommand)
    i.SVC_Handler                            0x08002442   Section        0  stm32l0xx_it.o(i.SVC_Handler)
    i.SysTick_Handler                        0x08002444   Section        0  stm32l0xx_it.o(i.SysTick_Handler)
    i.SystemClock_Config                     0x08002448   Section        0  main.o(i.SystemClock_Config)
    i.SystemInit                             0x0800257c   Section        0  system_stm32l0xx.o(i.SystemInit)
    i.USART2_IRQHandler                      0x0800257e   Section        0  stm32l0xx_it.o(i.USART2_IRQHandler)
    i.WIFI_Connected                         0x08002588   Section        0  esp8266_at.o(i.WIFI_Connected)
    WIFI_Connected                           0x08002589   Thumb Code    18  esp8266_at.o(i.WIFI_Connected)
    i.WIFI_ConnectedFail                     0x080025c0   Section        0  esp8266_at.o(i.WIFI_ConnectedFail)
    WIFI_ConnectedFail                       0x080025c1   Thumb Code    24  esp8266_at.o(i.WIFI_ConnectedFail)
    i.WIFI_Disconnect                        0x08002604   Section        0  esp8266_at.o(i.WIFI_Disconnect)
    WIFI_Disconnect                          0x08002605   Thumb Code    26  esp8266_at.o(i.WIFI_Disconnect)
    i.WIFI_GotIp                             0x08002648   Section        0  esp8266_at.o(i.WIFI_GotIp)
    WIFI_GotIp                               0x08002649   Thumb Code    24  esp8266_at.o(i.WIFI_GotIp)
    i.WIFI_Init                              0x08002680   Section        0  esp8266_at.o(i.WIFI_Init)
    WIFI_Init                                0x08002681   Thumb Code    60  esp8266_at.o(i.WIFI_Init)
    i.WIFI_Power                             0x080026e0   Section        0  esp8266_at.o(i.WIFI_Power)
    i.WIFI_ReceiveProcess                    0x08002760   Section        0  esp8266_at.o(i.WIFI_ReceiveProcess)
    i.WIFI_ReturnTime                        0x080027a4   Section        0  esp8266_at.o(i.WIFI_ReturnTime)
    WIFI_ReturnTime                          0x080027a5   Thumb Code    76  esp8266_at.o(i.WIFI_ReturnTime)
    i.WIFI_SendCommand                       0x0800283c   Section        0  esp8266_at.o(i.WIFI_SendCommand)
    i.WIFI_UART_ReceiveDmaInit               0x0800289c   Section        0  wifi_uart_if.o(i.WIFI_UART_ReceiveDmaInit)
    i.WIFI_UART_ReceiveIdle                  0x08002910   Section        0  wifi_uart_if.o(i.WIFI_UART_ReceiveIdle)
    i.__0printf                              0x0800298c   Section        0  printfa.o(i.__0printf)
    i.__0snprintf                            0x080029ac   Section        0  printfa.o(i.__0snprintf)
    i.__0sprintf                             0x080029e0   Section        0  printfa.o(i.__0sprintf)
    i.__0vsprintf                            0x08002a08   Section        0  printfa.o(i.__0vsprintf)
    i.__ARM_clz                              0x08002a2c   Section        0  depilogue.o(i.__ARM_clz)
    i.__NVIC_SetPriority                     0x08002a5c   Section        0  main.o(i.__NVIC_SetPriority)
    __NVIC_SetPriority                       0x08002a5d   Thumb Code    60  main.o(i.__NVIC_SetPriority)
    i.__scatterload_copy                     0x08002aa0   Section       14  handlers.o(i.__scatterload_copy)
    i.__scatterload_null                     0x08002aae   Section        2  handlers.o(i.__scatterload_null)
    i.__scatterload_zeroinit                 0x08002ab0   Section       14  handlers.o(i.__scatterload_zeroinit)
    i._fp_digits                             0x08002ac0   Section        0  printfa.o(i._fp_digits)
    _fp_digits                               0x08002ac1   Thumb Code   344  printfa.o(i._fp_digits)
    i._printf_core                           0x08002c34   Section        0  printfa.o(i._printf_core)
    _printf_core                             0x08002c35   Thumb Code  1754  printfa.o(i._printf_core)
    i._printf_post_padding                   0x08003320   Section        0  printfa.o(i._printf_post_padding)
    _printf_post_padding                     0x08003321   Thumb Code    32  printfa.o(i._printf_post_padding)
    i._printf_pre_padding                    0x08003340   Section        0  printfa.o(i._printf_pre_padding)
    _printf_pre_padding                      0x08003341   Thumb Code    44  printfa.o(i._printf_pre_padding)
    i._snputc                                0x0800336c   Section        0  printfa.o(i._snputc)
    _snputc                                  0x0800336d   Thumb Code    22  printfa.o(i._snputc)
    i._sputc                                 0x08003382   Section        0  printfa.o(i._sputc)
    _sputc                                   0x08003383   Thumb Code    10  printfa.o(i._sputc)
    i.fputc                                  0x0800338c   Section        0  main.o(i.fputc)
    i.main                                   0x0800339c   Section        0  main.o(i.main)
    .constdata                               0x08003404   Section        7  usart.o(.constdata)
    CHANNEL_OFFSET_TAB                       0x08003404   Data           7  usart.o(.constdata)
    .constdata                               0x0800340b   Section       25  system_stm32l0xx.o(.constdata)
    .constdata                               0x08003424   Section        8  system_stm32l0xx.o(.constdata)
    .constdata                               0x0800342c   Section     3420  fonts.o(.constdata)
    .constdata                               0x08004188   Section     4940  fonts.o(.constdata)
    .constdata                               0x080054d4   Section      140  esp8266_at.o(.constdata)
    g_wifiRxHandlerTable                     0x080054d4   Data          60  esp8266_at.o(.constdata)
    .constdata                               0x08005560   Section        7  wifi_uart_if.o(.constdata)
    CHANNEL_OFFSET_TAB                       0x08005560   Data           7  wifi_uart_if.o(.constdata)
    .conststring                             0x08005568   Section      280  esp8266_at.o(.conststring)
    .data                                    0x20000000   Section        4  system_stm32l0xx.o(.data)
    .data                                    0x20000004   Section        8  clock.o(.data)
    .data                                    0x2000000c   Section       10  common.o(.data)
    ctr0                                     0x2000000c   Data           1  common.o(.data)
    ctr1                                     0x2000000d   Data           1  common.o(.data)
    ctr2                                     0x2000000e   Data           1  common.o(.data)
    ctr3                                     0x2000000f   Data           1  common.o(.data)
    f_32hz                                   0x20000010   Data           1  common.o(.data)
    f_32hz_1                                 0x20000011   Data           1  common.o(.data)
    f_250ms                                  0x20000012   Data           1  common.o(.data)
    f_500ms                                  0x20000013   Data           1  common.o(.data)
    f_1s                                     0x20000014   Data           1  common.o(.data)
    f_2s                                     0x20000015   Data           1  common.o(.data)
    .data                                    0x20000018   Section        8  fonts.o(.data)
    .data                                    0x20000020   Section        8  fonts.o(.data)
    .data                                    0x20000028   Section        6  ssd1306.o(.data)
    g_ssd1306                                0x20000028   Data           6  ssd1306.o(.data)
    .data                                    0x2000002e   Section        6  si7021.o(.data)
    count                                    0x2000002e   Data           1  si7021.o(.data)
    g_si7021                                 0x20000030   Data           4  si7021.o(.data)
    .data                                    0x20000034   Section       24  esp8266_at.o(.data)
    .data                                    0x2000004c   Section        4  stdout.o(.data)
    .bss                                     0x20000050   Section     1024  ssd1306.o(.bss)
    g_ssd1306Buffer                          0x20000050   Data        1024  ssd1306.o(.bss)
    .bss                                     0x20000450   Section       18  esp8266_at.o(.bss)
    .bss                                     0x20000462   Section      204  wifi_uart_if.o(.bss)
    g_usartType                              0x20000462   Data         204  wifi_uart_if.o(.bss)
    STACK                                    0x20000530   Section     1024  startup_stm32l051xx.o(STACK)

    Global Symbols

    Symbol Name                              Value     Ov Type        Size  Object(Section)

    BuildAttributes$$THM_ISAv3M$S$PE$A:L22$X:L11$S22$IEEE1$IW$USESV6$~STKCKD$USESV7$~SHL$OTIME$ROPI$EBA8$MICROLIB$REQ8$PRES8$EABIv2 0x00000000   Number         0  anon$$obj.o ABSOLUTE
    __ARM_use_no_argv                        0x00000000   Number         0  main.o ABSOLUTE
    _printf_a                                0x00000000   Number         0  stubs.o ABSOLUTE
    _printf_c                                0x00000000   Number         0  stubs.o ABSOLUTE
    _printf_charcount                        0x00000000   Number         0  stubs.o ABSOLUTE
    _printf_d                                0x00000000   Number         0  stubs.o ABSOLUTE
    _printf_e                                0x00000000   Number         0  stubs.o ABSOLUTE
    _printf_f                                0x00000000   Number         0  stubs.o ABSOLUTE
    _printf_flags                            0x00000000   Number         0  stubs.o ABSOLUTE
    _printf_fp_dec                           0x00000000   Number         0  stubs.o ABSOLUTE
    _printf_fp_hex                           0x00000000   Number         0  stubs.o ABSOLUTE
    _printf_g                                0x00000000   Number         0  stubs.o ABSOLUTE
    _printf_i                                0x00000000   Number         0  stubs.o ABSOLUTE
    _printf_int_dec                          0x00000000   Number         0  stubs.o ABSOLUTE
    _printf_l                                0x00000000   Number         0  stubs.o ABSOLUTE
    _printf_lc                               0x00000000   Number         0  stubs.o ABSOLUTE
    _printf_ll                               0x00000000   Number         0  stubs.o ABSOLUTE
    _printf_lld                              0x00000000   Number         0  stubs.o ABSOLUTE
    _printf_lli                              0x00000000   Number         0  stubs.o ABSOLUTE
    _printf_llo                              0x00000000   Number         0  stubs.o ABSOLUTE
    _printf_llu                              0x00000000   Number         0  stubs.o ABSOLUTE
    _printf_llx                              0x00000000   Number         0  stubs.o ABSOLUTE
    _printf_longlong_dec                     0x00000000   Number         0  stubs.o ABSOLUTE
    _printf_longlong_hex                     0x00000000   Number         0  stubs.o ABSOLUTE
    _printf_longlong_oct                     0x00000000   Number         0  stubs.o ABSOLUTE
    _printf_ls                               0x00000000   Number         0  stubs.o ABSOLUTE
    _printf_mbtowc                           0x00000000   Number         0  stubs.o ABSOLUTE
    _printf_n                                0x00000000   Number         0  stubs.o ABSOLUTE
    _printf_o                                0x00000000   Number         0  stubs.o ABSOLUTE
    _printf_p                                0x00000000   Number         0  stubs.o ABSOLUTE
    _printf_percent                          0x00000000   Number         0  stubs.o ABSOLUTE
    _printf_pre_padding                      0x00000000   Number         0  stubs.o ABSOLUTE
    _printf_return_value                     0x00000000   Number         0  stubs.o ABSOLUTE
    _printf_s                                0x00000000   Number         0  stubs.o ABSOLUTE
    _printf_sizespec                         0x00000000   Number         0  stubs.o ABSOLUTE
    _printf_str                              0x00000000   Number         0  stubs.o ABSOLUTE
    _printf_truncate_signed                  0x00000000   Number         0  stubs.o ABSOLUTE
    _printf_truncate_unsigned                0x00000000   Number         0  stubs.o ABSOLUTE
    _printf_u                                0x00000000   Number         0  stubs.o ABSOLUTE
    _printf_wc                               0x00000000   Number         0  stubs.o ABSOLUTE
    _printf_wctomb                           0x00000000   Number         0  stubs.o ABSOLUTE
    _printf_widthprec                        0x00000000   Number         0  stubs.o ABSOLUTE
    _printf_x                                0x00000000   Number         0  stubs.o ABSOLUTE
    __cpp_initialize__aeabi_                  - Undefined Weak Reference
    __cxa_finalize                            - Undefined Weak Reference
    __decompress                              - Undefined Weak Reference
    _clock_init                               - Undefined Weak Reference
    _microlib_exit                            - Undefined Weak Reference
    __Vectors_Size                           0x000000c0   Number         0  startup_stm32l051xx.o ABSOLUTE
    __Vectors                                0x08000000   Data           4  startup_stm32l051xx.o(RESET)
    __Vectors_End                            0x080000c0   Data           0  startup_stm32l051xx.o(RESET)
    __main                                   0x080000c1   Thumb Code     0  entry.o(.ARM.Collect$$$$00000000)
    _main_stk                                0x080000c1   Thumb Code     0  entry2.o(.ARM.Collect$$$$00000001)
    _main_scatterload                        0x080000c5   Thumb Code     0  entry5.o(.ARM.Collect$$$$00000004)
    __main_after_scatterload                 0x080000c9   Thumb Code     0  entry5.o(.ARM.Collect$$$$00000004)
    _main_clock                              0x080000c9   Thumb Code     0  entry7b.o(.ARM.Collect$$$$00000008)
    _main_cpp_init                           0x080000c9   Thumb Code     0  entry8b.o(.ARM.Collect$$$$0000000A)
    _main_init                               0x080000c9   Thumb Code     0  entry9a.o(.ARM.Collect$$$$0000000B)
    __rt_final_cpp                           0x080000d1   Thumb Code     0  entry10a.o(.ARM.Collect$$$$0000000D)
    __rt_final_exit                          0x080000d1   Thumb Code     0  entry11a.o(.ARM.Collect$$$$0000000F)
    Reset_Handler                            0x080000d5   Thumb Code     8  startup_stm32l051xx.o(.text)
    ADC1_COMP_IRQHandler                     0x080000e7   Thumb Code     0  startup_stm32l051xx.o(.text)
    DMA1_Channel1_IRQHandler                 0x080000e7   Thumb Code     0  startup_stm32l051xx.o(.text)
    DMA1_Channel2_3_IRQHandler               0x080000e7   Thumb Code     0  startup_stm32l051xx.o(.text)
    EXTI0_1_IRQHandler                       0x080000e7   Thumb Code     0  startup_stm32l051xx.o(.text)
    EXTI2_3_IRQHandler                       0x080000e7   Thumb Code     0  startup_stm32l051xx.o(.text)
    EXTI4_15_IRQHandler                      0x080000e7   Thumb Code     0  startup_stm32l051xx.o(.text)
    FLASH_IRQHandler                         0x080000e7   Thumb Code     0  startup_stm32l051xx.o(.text)
    I2C1_IRQHandler                          0x080000e7   Thumb Code     0  startup_stm32l051xx.o(.text)
    I2C2_IRQHandler                          0x080000e7   Thumb Code     0  startup_stm32l051xx.o(.text)
    LPUART1_IRQHandler                       0x080000e7   Thumb Code     0  startup_stm32l051xx.o(.text)
    PVD_IRQHandler                           0x080000e7   Thumb Code     0  startup_stm32l051xx.o(.text)
    RCC_IRQHandler                           0x080000e7   Thumb Code     0  startup_stm32l051xx.o(.text)
    SPI1_IRQHandler                          0x080000e7   Thumb Code     0  startup_stm32l051xx.o(.text)
    SPI2_IRQHandler                          0x080000e7   Thumb Code     0  startup_stm32l051xx.o(.text)
    TIM21_IRQHandler                         0x080000e7   Thumb Code     0  startup_stm32l051xx.o(.text)
    TIM22_IRQHandler                         0x080000e7   Thumb Code     0  startup_stm32l051xx.o(.text)
    TIM2_IRQHandler                          0x080000e7   Thumb Code     0  startup_stm32l051xx.o(.text)
    TIM6_IRQHandler                          0x080000e7   Thumb Code     0  startup_stm32l051xx.o(.text)
    USART1_IRQHandler                        0x080000e7   Thumb Code     0  startup_stm32l051xx.o(.text)
    WWDG_IRQHandler                          0x080000e7   Thumb Code     0  startup_stm32l051xx.o(.text)
    __aeabi_uidiv                            0x080000f1   Thumb Code     0  uidiv.o(.text)
    __aeabi_uidivmod                         0x080000f1   Thumb Code    44  uidiv.o(.text)
    __aeabi_idiv                             0x0800011d   Thumb Code     0  idiv.o(.text)
    __aeabi_idivmod                          0x0800011d   Thumb Code    40  idiv.o(.text)
    __aeabi_memcpy                           0x08000145   Thumb Code    36  memcpya.o(.text)
    __aeabi_memcpy4                          0x08000145   Thumb Code     0  memcpya.o(.text)
    __aeabi_memcpy8                          0x08000145   Thumb Code     0  memcpya.o(.text)
    __aeabi_memset                           0x08000169   Thumb Code    14  memseta.o(.text)
    __aeabi_memset4                          0x08000169   Thumb Code     0  memseta.o(.text)
    __aeabi_memset8                          0x08000169   Thumb Code     0  memseta.o(.text)
    __aeabi_memclr                           0x08000177   Thumb Code     4  memseta.o(.text)
    __aeabi_memclr4                          0x08000177   Thumb Code     0  memseta.o(.text)
    __aeabi_memclr8                          0x08000177   Thumb Code     0  memseta.o(.text)
    _memset$wrapper                          0x0800017b   Thumb Code    18  memseta.o(.text)
    strstr                                   0x0800018d   Thumb Code    40  strstr.o(.text)
    strcmp                                   0x080001b5   Thumb Code    28  strcmp.o(.text)
    __aeabi_fadd                             0x080001d1   Thumb Code   162  fadd.o(.text)
    __aeabi_fsub                             0x08000273   Thumb Code     8  fadd.o(.text)
    __aeabi_frsub                            0x0800027b   Thumb Code     8  fadd.o(.text)
    __aeabi_fmul                             0x08000283   Thumb Code   122  fmul.o(.text)
    __ARM_scalbnf                            0x080002fd   Thumb Code    24  fscalb.o(.text)
    scalbnf                                  0x080002fd   Thumb Code     0  fscalb.o(.text)
    __aeabi_dadd                             0x08000315   Thumb Code   328  dadd.o(.text)
    __aeabi_dsub                             0x0800045d   Thumb Code    12  dadd.o(.text)
    __aeabi_drsub                            0x08000469   Thumb Code    12  dadd.o(.text)
    __aeabi_dmul                             0x08000479   Thumb Code   202  dmul.o(.text)
    __aeabi_ui2d                             0x08000549   Thumb Code    24  dfltui.o(.text)
    __aeabi_f2iz                             0x08000565   Thumb Code    50  ffixi.o(.text)
    __aeabi_f2uiz                            0x08000597   Thumb Code    40  ffixui.o(.text)
    __aeabi_f2d                              0x080005bf   Thumb Code    40  f2d.o(.text)
    __aeabi_d2f                              0x080005e7   Thumb Code    56  d2f.o(.text)
    __aeabi_uldivmod                         0x0800061f   Thumb Code    96  uldiv.o(.text)
    __aeabi_llsl                             0x0800067f   Thumb Code    32  llshl.o(.text)
    _ll_shift_l                              0x0800067f   Thumb Code     0  llshl.o(.text)
    __aeabi_lasr                             0x0800069f   Thumb Code    38  llsshr.o(.text)
    _ll_sshift_r                             0x0800069f   Thumb Code     0  llsshr.o(.text)
    __I$use$fp                               0x080006c5   Thumb Code     0  iusefp.o(.text)
    _float_round                             0x080006c5   Thumb Code    16  fepilogue.o(.text)
    _float_epilogue                          0x080006d5   Thumb Code   114  fepilogue.o(.text)
    _double_round                            0x08000747   Thumb Code    26  depilogue.o(.text)
    _double_epilogue                         0x08000761   Thumb Code   164  depilogue.o(.text)
    __aeabi_ddiv                             0x08000805   Thumb Code   234  ddiv.o(.text)
    __aeabi_d2ulz                            0x080008f5   Thumb Code    54  dfixul.o(.text)
    __aeabi_cdrcmple                         0x08000935   Thumb Code    38  cdrcmple.o(.text)
    __scatterload                            0x0800095d   Thumb Code    28  init.o(.text)
    __scatterload_rt2                        0x0800095d   Thumb Code     0  init.o(.text)
    __aeabi_llsr                             0x08000981   Thumb Code    34  llushr.o(.text)
    _ll_ushift_r                             0x08000981   Thumb Code     0  llushr.o(.text)
    CLOCK_CalculateWeek                      0x080009cd   Thumb Code    98  clock.o(i.CLOCK_CalculateWeek)
    CLOCK_Get                                0x08000a31   Thumb Code    98  clock.o(i.CLOCK_Get)
    CLOCK_GetData                            0x08000ad1   Thumb Code     4  clock.o(i.CLOCK_GetData)
    CLOCK_Run                                0x08000ad9   Thumb Code   162  clock.o(i.CLOCK_Run)
    CLOCK_Set                                0x08000b91   Thumb Code   178  clock.o(i.CLOCK_Set)
    COMMON_Function                          0x08000c85   Thumb Code    58  common.o(i.COMMON_Function)
    COMMON_Init                              0x08000cc5   Thumb Code    84  common.o(i.COMMON_Init)
    DISP_Clock                               0x08000d61   Thumb Code   254  display.o(i.DISP_Clock)
    DISP_Init                                0x08000e99   Thumb Code    18  display.o(i.DISP_Init)
    DMA1_Channel4_5_6_7_IRQHandler           0x08000ed5   Thumb Code     2  stm32l0xx_it.o(i.DMA1_Channel4_5_6_7_IRQHandler)
    GetWifiData                              0x08000ed9   Thumb Code     4  esp8266_at.o(i.GetWifiData)
    HardFault_Handler                        0x08000ee1   Thumb Code     2  stm32l0xx_it.o(i.HardFault_Handler)
    LL_GPIO_Init                             0x08000fc5   Thumb Code   174  stm32l0xx_ll_gpio.o(i.LL_GPIO_Init)
    LL_I2C_Init                              0x08001073   Thumb Code   108  stm32l0xx_ll_i2c.o(i.LL_I2C_Init)
    LL_Init1msTick                           0x08001111   Thumb Code    26  stm32l0xx_ll_utils.o(i.LL_Init1msTick)
    LL_RCC_GetUSARTClockFreq                 0x08001131   Thumb Code   132  stm32l0xx_ll_rcc.o(i.LL_RCC_GetUSARTClockFreq)
    LL_RTC_DATE_Init                         0x0800123d   Thumb Code   148  stm32l0xx_ll_rtc.o(i.LL_RTC_DATE_Init)
    LL_RTC_EnterInitMode                     0x080012d1   Thumb Code    70  stm32l0xx_ll_rtc.o(i.LL_RTC_EnterInitMode)
    LL_RTC_Init                              0x0800131d   Thumb Code    82  stm32l0xx_ll_rtc.o(i.LL_RTC_Init)
    LL_RTC_TIME_Init                         0x08001395   Thumb Code   142  stm32l0xx_ll_rtc.o(i.LL_RTC_TIME_Init)
    LL_RTC_WaitForSynchro                    0x08001425   Thumb Code   110  stm32l0xx_ll_rtc.o(i.LL_RTC_WaitForSynchro)
    LL_SetSystemCoreClock                    0x08001499   Thumb Code     6  stm32l0xx_ll_utils.o(i.LL_SetSystemCoreClock)
    LL_USART_Init                            0x080014b9   Thumb Code   150  stm32l0xx_ll_usart.o(i.LL_USART_Init)
    LL_mDelay                                0x08001561   Thumb Code    28  stm32l0xx_ll_utils.o(i.LL_mDelay)
    LPTIM1_IRQHandler                        0x08001581   Thumb Code     8  stm32l0xx_it.o(i.LPTIM1_IRQHandler)
    LPTIM1_IsrHandle                         0x08001589   Thumb Code    94  common.o(i.LPTIM1_IsrHandle)
    MX_DMA_Init                              0x080015f1   Thumb Code    38  dma.o(i.MX_DMA_Init)
    MX_GPIO_Init                             0x08001625   Thumb Code    86  gpio.o(i.MX_GPIO_Init)
    MX_I2C1_Init                             0x0800167d   Thumb Code   174  i2c.o(i.MX_I2C1_Init)
    MX_LPTIM1_Init                           0x08001741   Thumb Code    98  lptim.o(i.MX_LPTIM1_Init)
    MX_RTC_Init                              0x080017b5   Thumb Code   102  rtc.o(i.MX_RTC_Init)
    MX_USART1_UART_Init                      0x08001825   Thumb Code   146  usart.o(i.MX_USART1_UART_Init)
    MX_USART2_UART_Init                      0x080018c1   Thumb Code   320  usart.o(i.MX_USART2_UART_Init)
    NMI_Handler                              0x08001a15   Thumb Code     2  stm32l0xx_it.o(i.NMI_Handler)
    PendSV_Handler                           0x08001a17   Thumb Code     2  stm32l0xx_it.o(i.PendSV_Handler)
    PrintUsart2                              0x08001a19   Thumb Code    72  wifi_uart_if.o(i.PrintUsart2)
    RTC_IRQHandler                           0x08001d3d   Thumb Code     2  stm32l0xx_it.o(i.RTC_IRQHandler)
    SI7021_GetHumi                           0x08001d41   Thumb Code     6  si7021.o(i.SI7021_GetHumi)
    SI7021_GetTemp                           0x08001d4d   Thumb Code     8  si7021.o(i.SI7021_GetTemp)
    SI7021_I2C_Init                          0x08001d59   Thumb Code    18  si7021_iic_hw.o(i.SI7021_I2C_Init)
    SI7021_Init                              0x08001d71   Thumb Code    14  si7021.o(i.SI7021_Init)
    SI7021_Measure                           0x08001da5   Thumb Code   540  si7021_iic_hw.o(i.SI7021_Measure)
    SI7021_SampleTempHumi                    0x0800203d   Thumb Code    94  si7021.o(i.SI7021_SampleTempHumi)
    SSD1306_DrawPixel                        0x080020c9   Thumb Code    58  ssd1306.o(i.SSD1306_DrawPixel)
    SSD1306_Fill                             0x0800210d   Thumb Code    24  ssd1306.o(i.SSD1306_Fill)
    SSD1306_GotoXY                           0x08002129   Thumb Code     8  ssd1306.o(i.SSD1306_GotoXY)
    SSD1306_I2C_Init                         0x08002135   Thumb Code    18  ssd1306_iic_hw.o(i.SSD1306_I2C_Init)
    SSD1306_I2C_WriteMulti                   0x08002259   Thumb Code    10  ssd1306_iic_hw.o(i.SSD1306_I2C_WriteMulti)
    SSD1306_Init                             0x08002265   Thumb Code   216  ssd1306.o(i.SSD1306_Init)
    SSD1306_Putc                             0x08002345   Thumb Code   138  ssd1306.o(i.SSD1306_Putc)
    SSD1306_Puts                             0x080023d5   Thumb Code    40  ssd1306.o(i.SSD1306_Puts)
    SSD1306_UpdateScreen                     0x080023fd   Thumb Code    50  ssd1306.o(i.SSD1306_UpdateScreen)
    SSD1306_WriteCommand                     0x08002435   Thumb Code    14  ssd1306_iic_hw.o(i.SSD1306_WriteCommand)
    SVC_Handler                              0x08002443   Thumb Code     2  stm32l0xx_it.o(i.SVC_Handler)
    SysTick_Handler                          0x08002445   Thumb Code     2  stm32l0xx_it.o(i.SysTick_Handler)
    SystemClock_Config                       0x08002449   Thumb Code   290  main.o(i.SystemClock_Config)
    SystemInit                               0x0800257d   Thumb Code     2  system_stm32l0xx.o(i.SystemInit)
    USART2_IRQHandler                        0x0800257f   Thumb Code     8  stm32l0xx_it.o(i.USART2_IRQHandler)
    WIFI_Power                               0x080026e1   Thumb Code    54  esp8266_at.o(i.WIFI_Power)
    WIFI_ReceiveProcess                      0x08002761   Thumb Code    64  esp8266_at.o(i.WIFI_ReceiveProcess)
    WIFI_SendCommand                         0x0800283d   Thumb Code    90  esp8266_at.o(i.WIFI_SendCommand)
    WIFI_UART_ReceiveDmaInit                 0x0800289d   Thumb Code   100  wifi_uart_if.o(i.WIFI_UART_ReceiveDmaInit)
    WIFI_UART_ReceiveIdle                    0x08002911   Thumb Code   106  wifi_uart_if.o(i.WIFI_UART_ReceiveIdle)
    __0printf                                0x0800298d   Thumb Code    24  printfa.o(i.__0printf)
    __1printf                                0x0800298d   Thumb Code     0  printfa.o(i.__0printf)
    __2printf                                0x0800298d   Thumb Code     0  printfa.o(i.__0printf)
    __c89printf                              0x0800298d   Thumb Code     0  printfa.o(i.__0printf)
    printf                                   0x0800298d   Thumb Code     0  printfa.o(i.__0printf)
    __0snprintf                              0x080029ad   Thumb Code    46  printfa.o(i.__0snprintf)
    __1snprintf                              0x080029ad   Thumb Code     0  printfa.o(i.__0snprintf)
    __2snprintf                              0x080029ad   Thumb Code     0  printfa.o(i.__0snprintf)
    __c89snprintf                            0x080029ad   Thumb Code     0  printfa.o(i.__0snprintf)
    snprintf                                 0x080029ad   Thumb Code     0  printfa.o(i.__0snprintf)
    __0sprintf                               0x080029e1   Thumb Code    36  printfa.o(i.__0sprintf)
    __1sprintf                               0x080029e1   Thumb Code     0  printfa.o(i.__0sprintf)
    __2sprintf                               0x080029e1   Thumb Code     0  printfa.o(i.__0sprintf)
    __c89sprintf                             0x080029e1   Thumb Code     0  printfa.o(i.__0sprintf)
    sprintf                                  0x080029e1   Thumb Code     0  printfa.o(i.__0sprintf)
    __0vsprintf                              0x08002a09   Thumb Code    30  printfa.o(i.__0vsprintf)
    __1vsprintf                              0x08002a09   Thumb Code     0  printfa.o(i.__0vsprintf)
    __2vsprintf                              0x08002a09   Thumb Code     0  printfa.o(i.__0vsprintf)
    __c89vsprintf                            0x08002a09   Thumb Code     0  printfa.o(i.__0vsprintf)
    vsprintf                                 0x08002a09   Thumb Code     0  printfa.o(i.__0vsprintf)
    __ARM_clz                                0x08002a2d   Thumb Code    46  depilogue.o(i.__ARM_clz)
    __scatterload_copy                       0x08002aa1   Thumb Code    14  handlers.o(i.__scatterload_copy)
    __scatterload_null                       0x08002aaf   Thumb Code     2  handlers.o(i.__scatterload_null)
    __scatterload_zeroinit                   0x08002ab1   Thumb Code    14  handlers.o(i.__scatterload_zeroinit)
    fputc                                    0x0800338d   Thumb Code    12  main.o(i.fputc)
    main                                     0x0800339d   Thumb Code    94  main.o(i.main)
    AHBPrescTable                            0x0800340b   Data          16  system_stm32l0xx.o(.constdata)
    PLLMulTable                              0x0800341b   Data           9  system_stm32l0xx.o(.constdata)
    APBPrescTable                            0x08003424   Data           8  system_stm32l0xx.o(.constdata)
    Font11x18                                0x0800342c   Data        3420  fonts.o(.constdata)
    Font16x26                                0x08004188   Data        4940  fonts.o(.constdata)
    Region$$Table$$Base                      0x08005680   Number         0  anon$$obj.o(Region$$Table)
    Region$$Table$$Limit                     0x080056a0   Number         0  anon$$obj.o(Region$$Table)
    SystemCoreClock                          0x20000000   Data           4  system_stm32l0xx.o(.data)
    g_time                                   0x20000004   Data           8  clock.o(.data)
    Font_11x18                               0x20000018   Data           8  fonts.o(.data)
    Font_16x26                               0x20000020   Data           8  fonts.o(.data)
    g_wifiCmdTable                           0x20000034   Data          24  esp8266_at.o(.data)
    __stdout                                 0x2000004c   Data           4  stdout.o(.data)
    wifi                                     0x20000450   Data          18  esp8266_at.o(.bss)
    __initial_sp                             0x20000930   Data           0  startup_stm32l051xx.o(STACK)



==============================================================================

Memory Map of the image

  Image Entry point : 0x080000c1

  Load Region LR_IROM1 (Base: 0x08000000, Size: 0x000056f0, Max: 0x00010000, ABSOLUTE)

    Execution Region ER_IROM1 (Exec base: 0x08000000, Load base: 0x08000000, Size: 0x000056a0, Max: 0x00010000, ABSOLUTE)

    Exec Addr    Load Addr    Size         Type   Attr      Idx    E Section Name        Object

    0x08000000   0x08000000   0x000000c0   Data   RO            3    RESET               startup_stm32l051xx.o
    0x080000c0   0x080000c0   0x00000000   Code   RO         1981  * .ARM.Collect$$$$00000000  mc_p.l(entry.o)
    0x080000c0   0x080000c0   0x00000004   Code   RO         2281    .ARM.Collect$$$$00000001  mc_p.l(entry2.o)
    0x080000c4   0x080000c4   0x00000004   Code   RO         2284    .ARM.Collect$$$$00000004  mc_p.l(entry5.o)
    0x080000c8   0x080000c8   0x00000000   Code   RO         2286    .ARM.Collect$$$$00000008  mc_p.l(entry7b.o)
    0x080000c8   0x080000c8   0x00000000   Code   RO         2288    .ARM.Collect$$$$0000000A  mc_p.l(entry8b.o)
    0x080000c8   0x080000c8   0x00000008   Code   RO         2289    .ARM.Collect$$$$0000000B  mc_p.l(entry9a.o)
    0x080000d0   0x080000d0   0x00000000   Code   RO         2291    .ARM.Collect$$$$0000000D  mc_p.l(entry10a.o)
    0x080000d0   0x080000d0   0x00000000   Code   RO         2293    .ARM.Collect$$$$0000000F  mc_p.l(entry11a.o)
    0x080000d0   0x080000d0   0x00000004   Code   RO         2282    .ARM.Collect$$$$00002712  mc_p.l(entry2.o)
    0x080000d4   0x080000d4   0x0000001c   Code   RO            4    .text               startup_stm32l051xx.o
    0x080000f0   0x080000f0   0x0000002c   Code   RO         1984    .text               mc_p.l(uidiv.o)
    0x0800011c   0x0800011c   0x00000028   Code   RO         1986    .text               mc_p.l(idiv.o)
    0x08000144   0x08000144   0x00000024   Code   RO         1988    .text               mc_p.l(memcpya.o)
    0x08000168   0x08000168   0x00000024   Code   RO         1990    .text               mc_p.l(memseta.o)
    0x0800018c   0x0800018c   0x00000028   Code   RO         1992    .text               mc_p.l(strstr.o)
    0x080001b4   0x080001b4   0x0000001c   Code   RO         1996    .text               mc_p.l(strcmp.o)
    0x080001d0   0x080001d0   0x000000b2   Code   RO         2261    .text               mf_p.l(fadd.o)
    0x08000282   0x08000282   0x0000007a   Code   RO         2263    .text               mf_p.l(fmul.o)
    0x080002fc   0x080002fc   0x00000018   Code   RO         2265    .text               mf_p.l(fscalb.o)
    0x08000314   0x08000314   0x00000164   Code   RO         2267    .text               mf_p.l(dadd.o)
    0x08000478   0x08000478   0x000000d0   Code   RO         2269    .text               mf_p.l(dmul.o)
    0x08000548   0x08000548   0x0000001c   Code   RO         2271    .text               mf_p.l(dfltui.o)
    0x08000564   0x08000564   0x00000032   Code   RO         2273    .text               mf_p.l(ffixi.o)
    0x08000596   0x08000596   0x00000028   Code   RO         2275    .text               mf_p.l(ffixui.o)
    0x080005be   0x080005be   0x00000028   Code   RO         2277    .text               mf_p.l(f2d.o)
    0x080005e6   0x080005e6   0x00000038   Code   RO         2279    .text               mf_p.l(d2f.o)
    0x0800061e   0x0800061e   0x00000060   Code   RO         2296    .text               mc_p.l(uldiv.o)
    0x0800067e   0x0800067e   0x00000020   Code   RO         2298    .text               mc_p.l(llshl.o)
    0x0800069e   0x0800069e   0x00000026   Code   RO         2300    .text               mc_p.l(llsshr.o)
    0x080006c4   0x080006c4   0x00000000   Code   RO         2302    .text               mc_p.l(iusefp.o)
    0x080006c4   0x080006c4   0x00000082   Code   RO         2303    .text               mf_p.l(fepilogue.o)
    0x08000746   0x08000746   0x000000be   Code   RO         2305    .text               mf_p.l(depilogue.o)
    0x08000804   0x08000804   0x000000f0   Code   RO         2309    .text               mf_p.l(ddiv.o)
    0x080008f4   0x080008f4   0x00000040   Code   RO         2311    .text               mf_p.l(dfixul.o)
    0x08000934   0x08000934   0x00000028   Code   RO         2313    .text               mf_p.l(cdrcmple.o)
    0x0800095c   0x0800095c   0x00000024   Code   RO         2315    .text               mc_p.l(init.o)
    0x08000980   0x08000980   0x00000022   Code   RO         2317    .text               mc_p.l(llushr.o)
    0x080009a2   0x080009a2   0x0000002a   Code   RO         1830    i.AscToHex          esp8266_at.o
    0x080009cc   0x080009cc   0x00000062   Code   RO         1273    i.CLOCK_CalculateWeek  clock.o
    0x08000a2e   0x08000a2e   0x00000002   PAD
    0x08000a30   0x08000a30   0x000000a0   Code   RO         1274    i.CLOCK_Get         clock.o
    0x08000ad0   0x08000ad0   0x00000008   Code   RO         1275    i.CLOCK_GetData     clock.o
    0x08000ad8   0x08000ad8   0x000000b8   Code   RO         1276    i.CLOCK_Run         clock.o
    0x08000b90   0x08000b90   0x000000f4   Code   RO         1277    i.CLOCK_Set         clock.o
    0x08000c84   0x08000c84   0x00000040   Code   RO         1332    i.COMMON_Function   common.o
    0x08000cc4   0x08000cc4   0x0000009c   Code   RO         1333    i.COMMON_Init       common.o
    0x08000d60   0x08000d60   0x00000138   Code   RO         1453    i.DISP_Clock        display.o
    0x08000e98   0x08000e98   0x0000003c   Code   RO         1454    i.DISP_Init         display.o
    0x08000ed4   0x08000ed4   0x00000002   Code   RO          457    i.DMA1_Channel4_5_6_7_IRQHandler  stm32l0xx_it.o
    0x08000ed6   0x08000ed6   0x00000002   PAD
    0x08000ed8   0x08000ed8   0x00000008   Code   RO         1831    i.GetWifiData       esp8266_at.o
    0x08000ee0   0x08000ee0   0x00000002   Code   RO          458    i.HardFault_Handler  stm32l0xx_it.o
    0x08000ee2   0x08000ee2   0x00000002   PAD
    0x08000ee4   0x08000ee4   0x0000001c   Code   RO          370    i.LL_DMA_SetChannelPriorityLevel  usart.o
    0x08000f00   0x08000f00   0x00000020   Code   RO          371    i.LL_DMA_SetDataTransferDirection  usart.o
    0x08000f20   0x08000f20   0x0000001c   Code   RO          372    i.LL_DMA_SetMemoryIncMode  usart.o
    0x08000f3c   0x08000f3c   0x0000001c   Code   RO          373    i.LL_DMA_SetMemorySize  usart.o
    0x08000f58   0x08000f58   0x0000001c   Code   RO          374    i.LL_DMA_SetMode    usart.o
    0x08000f74   0x08000f74   0x0000001c   Code   RO          375    i.LL_DMA_SetPeriphIncMode  usart.o
    0x08000f90   0x08000f90   0x00000018   Code   RO          376    i.LL_DMA_SetPeriphRequest  usart.o
    0x08000fa8   0x08000fa8   0x0000001c   Code   RO          377    i.LL_DMA_SetPeriphSize  usart.o
    0x08000fc4   0x08000fc4   0x000000ae   Code   RO          532    i.LL_GPIO_Init      stm32l0xx_ll_gpio.o
    0x08001072   0x08001072   0x0000006c   Code   RO          900    i.LL_I2C_Init       stm32l0xx_ll_i2c.o
    0x080010de   0x080010de   0x00000002   PAD
    0x080010e0   0x080010e0   0x00000018   Code   RO          162    i.LL_IOP_GRP1_EnableClock  gpio.o
    0x080010f8   0x080010f8   0x00000018   Code   RO          378    i.LL_IOP_GRP1_EnableClock  usart.o
    0x08001110   0x08001110   0x00000020   Code   RO          785    i.LL_Init1msTick    stm32l0xx_ll_utils.o
    0x08001130   0x08001130   0x00000090   Code   RO          697    i.LL_RCC_GetUSARTClockFreq  stm32l0xx_ll_rcc.o
    0x080011c0   0x080011c0   0x00000010   Code   RO          698    i.LL_RCC_GetUSARTClockSource  stm32l0xx_ll_rcc.o
    0x080011d0   0x080011d0   0x00000010   Code   RO          699    i.LL_RCC_HSI_IsReady  stm32l0xx_ll_rcc.o
    0x080011e0   0x080011e0   0x00000010   Code   RO          700    i.LL_RCC_IsActiveFlag_HSIDIV  stm32l0xx_ll_rcc.o
    0x080011f0   0x080011f0   0x00000010   Code   RO          701    i.LL_RCC_LSE_IsReady  stm32l0xx_ll_rcc.o
    0x08001200   0x08001200   0x00000014   Code   RO           13    i.LL_RCC_SetUSARTClockSource  main.o
    0x08001214   0x08001214   0x00000028   Code   RO          992    i.LL_RTC_DATE_Config  stm32l0xx_ll_rtc.o
    0x0800123c   0x0800123c   0x00000094   Code   RO          993    i.LL_RTC_DATE_Init  stm32l0xx_ll_rtc.o
    0x080012d0   0x080012d0   0x0000004c   Code   RO          996    i.LL_RTC_EnterInitMode  stm32l0xx_ll_rtc.o
    0x0800131c   0x0800131c   0x00000052   Code   RO          998    i.LL_RTC_Init       stm32l0xx_ll_rtc.o
    0x0800136e   0x0800136e   0x00000002   PAD
    0x08001370   0x08001370   0x00000024   Code   RO         1000    i.LL_RTC_TIME_Config  stm32l0xx_ll_rtc.o
    0x08001394   0x08001394   0x0000008e   Code   RO         1001    i.LL_RTC_TIME_Init  stm32l0xx_ll_rtc.o
    0x08001422   0x08001422   0x00000002   PAD
    0x08001424   0x08001424   0x00000074   Code   RO         1003    i.LL_RTC_WaitForSynchro  stm32l0xx_ll_rtc.o
    0x08001498   0x08001498   0x0000000c   Code   RO          790    i.LL_SetSystemCoreClock  stm32l0xx_ll_utils.o
    0x080014a4   0x080014a4   0x00000014   Code   RO          379    i.LL_USART_ConfigAsyncMode  usart.o
    0x080014b8   0x080014b8   0x000000a8   Code   RO         1195    i.LL_USART_Init     stm32l0xx_ll_usart.o
    0x08001560   0x08001560   0x00000020   Code   RO          791    i.LL_mDelay         stm32l0xx_ll_utils.o
    0x08001580   0x08001580   0x00000008   Code   RO          459    i.LPTIM1_IRQHandler  stm32l0xx_it.o
    0x08001588   0x08001588   0x00000068   Code   RO         1340    i.LPTIM1_IsrHandle  common.o
    0x080015f0   0x080015f0   0x00000034   Code   RO          234    i.MX_DMA_Init       dma.o
    0x08001624   0x08001624   0x00000056   Code   RO          163    i.MX_GPIO_Init      gpio.o
    0x0800167a   0x0800167a   0x00000002   PAD
    0x0800167c   0x0800167c   0x000000c4   Code   RO          260    i.MX_I2C1_Init      i2c.o
    0x08001740   0x08001740   0x00000074   Code   RO          289    i.MX_LPTIM1_Init    lptim.o
    0x080017b4   0x080017b4   0x00000070   Code   RO          315    i.MX_RTC_Init       rtc.o
    0x08001824   0x08001824   0x0000009c   Code   RO          380    i.MX_USART1_UART_Init  usart.o
    0x080018c0   0x080018c0   0x00000154   Code   RO          381    i.MX_USART2_UART_Init  usart.o
    0x08001a14   0x08001a14   0x00000002   Code   RO          460    i.NMI_Handler       stm32l0xx_it.o
    0x08001a16   0x08001a16   0x00000002   Code   RO          461    i.PendSV_Handler    stm32l0xx_it.o
    0x08001a18   0x08001a18   0x0000004c   Code   RO         1920    i.PrintUsart2       wifi_uart_if.o
    0x08001a64   0x08001a64   0x00000208   Code   RO         1832    i.ProcessClock      esp8266_at.o
    0x08001c6c   0x08001c6c   0x0000001c   Code   RO          702    i.RCC_GetHCLKClockFreq  stm32l0xx_ll_rcc.o
    0x08001c88   0x08001c88   0x00000018   Code   RO          703    i.RCC_GetPCLK1ClockFreq  stm32l0xx_ll_rcc.o
    0x08001ca0   0x08001ca0   0x00000018   Code   RO          704    i.RCC_GetPCLK2ClockFreq  stm32l0xx_ll_rcc.o
    0x08001cb8   0x08001cb8   0x00000084   Code   RO          705    i.RCC_GetSystemClockFreq  stm32l0xx_ll_rcc.o
    0x08001d3c   0x08001d3c   0x00000002   Code   RO          462    i.RTC_IRQHandler    stm32l0xx_it.o
    0x08001d3e   0x08001d3e   0x00000002   PAD
    0x08001d40   0x08001d40   0x0000000c   Code   RO         1790    i.SI7021_GetHumi    si7021.o
    0x08001d4c   0x08001d4c   0x0000000c   Code   RO         1791    i.SI7021_GetTemp    si7021.o
    0x08001d58   0x08001d58   0x00000018   Code   RO         1744    i.SI7021_I2C_Init   si7021_iic_hw.o
    0x08001d70   0x08001d70   0x00000034   Code   RO         1792    i.SI7021_Init       si7021.o
    0x08001da4   0x08001da4   0x00000298   Code   RO         1745    i.SI7021_Measure    si7021_iic_hw.o
    0x0800203c   0x0800203c   0x0000008c   Code   RO         1793    i.SI7021_SampleTempHumi  si7021.o
    0x080020c8   0x080020c8   0x00000044   Code   RO         1584    i.SSD1306_DrawPixel  ssd1306.o
    0x0800210c   0x0800210c   0x0000001c   Code   RO         1587    i.SSD1306_Fill      ssd1306.o
    0x08002128   0x08002128   0x0000000c   Code   RO         1588    i.SSD1306_GotoXY    ssd1306.o
    0x08002134   0x08002134   0x00000018   Code   RO         1520    i.SSD1306_I2C_Init  ssd1306_iic_hw.o
    0x0800214c   0x0800214c   0x0000010c   Code   RO         1521    i.SSD1306_I2C_Write  ssd1306_iic_hw.o
    0x08002258   0x08002258   0x0000000a   Code   RO         1522    i.SSD1306_I2C_WriteMulti  ssd1306_iic_hw.o
    0x08002262   0x08002262   0x00000002   PAD
    0x08002264   0x08002264   0x000000e0   Code   RO         1589    i.SSD1306_Init      ssd1306.o
    0x08002344   0x08002344   0x00000090   Code   RO         1593    i.SSD1306_Putc      ssd1306.o
    0x080023d4   0x080023d4   0x00000028   Code   RO         1594    i.SSD1306_Puts      ssd1306.o
    0x080023fc   0x080023fc   0x00000038   Code   RO         1601    i.SSD1306_UpdateScreen  ssd1306.o
    0x08002434   0x08002434   0x0000000e   Code   RO         1523    i.SSD1306_WriteCommand  ssd1306_iic_hw.o
    0x08002442   0x08002442   0x00000002   Code   RO          463    i.SVC_Handler       stm32l0xx_it.o
    0x08002444   0x08002444   0x00000002   Code   RO          464    i.SysTick_Handler   stm32l0xx_it.o
    0x08002446   0x08002446   0x00000002   PAD
    0x08002448   0x08002448   0x00000134   Code   RO           14    i.SystemClock_Config  main.o
    0x0800257c   0x0800257c   0x00000002   Code   RO         1240    i.SystemInit        system_stm32l0xx.o
    0x0800257e   0x0800257e   0x00000008   Code   RO          465    i.USART2_IRQHandler  stm32l0xx_it.o
    0x08002586   0x08002586   0x00000002   PAD
    0x08002588   0x08002588   0x00000038   Code   RO         1833    i.WIFI_Connected    esp8266_at.o
    0x080025c0   0x080025c0   0x00000044   Code   RO         1834    i.WIFI_ConnectedFail  esp8266_at.o
    0x08002604   0x08002604   0x00000044   Code   RO         1835    i.WIFI_Disconnect   esp8266_at.o
    0x08002648   0x08002648   0x00000038   Code   RO         1836    i.WIFI_GotIp        esp8266_at.o
    0x08002680   0x08002680   0x00000060   Code   RO         1837    i.WIFI_Init         esp8266_at.o
    0x080026e0   0x080026e0   0x00000080   Code   RO         1838    i.WIFI_Power        esp8266_at.o
    0x08002760   0x08002760   0x00000044   Code   RO         1839    i.WIFI_ReceiveProcess  esp8266_at.o
    0x080027a4   0x080027a4   0x00000098   Code   RO         1840    i.WIFI_ReturnTime   esp8266_at.o
    0x0800283c   0x0800283c   0x00000060   Code   RO         1841    i.WIFI_SendCommand  esp8266_at.o
    0x0800289c   0x0800289c   0x00000074   Code   RO         1921    i.WIFI_UART_ReceiveDmaInit  wifi_uart_if.o
    0x08002910   0x08002910   0x0000007c   Code   RO         1922    i.WIFI_UART_ReceiveIdle  wifi_uart_if.o
    0x0800298c   0x0800298c   0x00000020   Code   RO         2233    i.__0printf         mc_p.l(printfa.o)
    0x080029ac   0x080029ac   0x00000034   Code   RO         2234    i.__0snprintf       mc_p.l(printfa.o)
    0x080029e0   0x080029e0   0x00000028   Code   RO         2235    i.__0sprintf        mc_p.l(printfa.o)
    0x08002a08   0x08002a08   0x00000024   Code   RO         2239    i.__0vsprintf       mc_p.l(printfa.o)
    0x08002a2c   0x08002a2c   0x0000002e   Code   RO         2307    i.__ARM_clz         mf_p.l(depilogue.o)
    0x08002a5a   0x08002a5a   0x00000002   PAD
    0x08002a5c   0x08002a5c   0x00000044   Code   RO           15    i.__NVIC_SetPriority  main.o
    0x08002aa0   0x08002aa0   0x0000000e   Code   RO         2321    i.__scatterload_copy  mc_p.l(handlers.o)
    0x08002aae   0x08002aae   0x00000002   Code   RO         2322    i.__scatterload_null  mc_p.l(handlers.o)
    0x08002ab0   0x08002ab0   0x0000000e   Code   RO         2323    i.__scatterload_zeroinit  mc_p.l(handlers.o)
    0x08002abe   0x08002abe   0x00000002   PAD
    0x08002ac0   0x08002ac0   0x00000174   Code   RO         2240    i._fp_digits        mc_p.l(printfa.o)
    0x08002c34   0x08002c34   0x000006ec   Code   RO         2241    i._printf_core      mc_p.l(printfa.o)
    0x08003320   0x08003320   0x00000020   Code   RO         2242    i._printf_post_padding  mc_p.l(printfa.o)
    0x08003340   0x08003340   0x0000002c   Code   RO         2243    i._printf_pre_padding  mc_p.l(printfa.o)
    0x0800336c   0x0800336c   0x00000016   Code   RO         2244    i._snputc           mc_p.l(printfa.o)
    0x08003382   0x08003382   0x0000000a   Code   RO         2245    i._sputc            mc_p.l(printfa.o)
    0x0800338c   0x0800338c   0x00000010   Code   RO           16    i.fputc             main.o
    0x0800339c   0x0800339c   0x00000068   Code   RO           17    i.main              main.o
    0x08003404   0x08003404   0x00000007   Data   RO          382    .constdata          usart.o
    0x0800340b   0x0800340b   0x00000019   Data   RO         1241    .constdata          system_stm32l0xx.o
    0x08003424   0x08003424   0x00000008   Data   RO         1242    .constdata          system_stm32l0xx.o
    0x0800342c   0x0800342c   0x00000d5c   Data   RO         1488    .constdata          fonts.o
    0x08004188   0x08004188   0x0000134c   Data   RO         1489    .constdata          fonts.o
    0x080054d4   0x080054d4   0x0000008c   Data   RO         1843    .constdata          esp8266_at.o
    0x08005560   0x08005560   0x00000007   Data   RO         1926    .constdata          wifi_uart_if.o
    0x08005567   0x08005567   0x00000001   PAD
    0x08005568   0x08005568   0x00000118   Data   RO         1844    .conststring        esp8266_at.o
    0x08005680   0x08005680   0x00000020   Data   RO         2319    Region$$Table       anon$$obj.o


    Execution Region RW_IRAM1 (Exec base: 0x20000000, Load base: 0x080056a0, Size: 0x00000930, Max: 0x00002000, ABSOLUTE)

    Exec Addr    Load Addr    Size         Type   Attr      Idx    E Section Name        Object

    0x20000000   0x080056a0   0x00000004   Data   RW         1243    .data               system_stm32l0xx.o
    0x20000004   0x080056a4   0x00000008   Data   RW         1278    .data               clock.o
    0x2000000c   0x080056ac   0x0000000a   Data   RW         1347    .data               common.o
    0x20000016   0x080056b6   0x00000002   PAD
    0x20000018   0x080056b8   0x00000008   Data   RW         1491    .data               fonts.o
    0x20000020   0x080056c0   0x00000008   Data   RW         1492    .data               fonts.o
    0x20000028   0x080056c8   0x00000006   Data   RW         1603    .data               ssd1306.o
    0x2000002e   0x080056ce   0x00000006   Data   RW         1794    .data               si7021.o
    0x20000034   0x080056d4   0x00000018   Data   RW         1845    .data               esp8266_at.o
    0x2000004c   0x080056ec   0x00000004   Data   RW         2295    .data               mc_p.l(stdout.o)
    0x20000050        -       0x00000400   Zero   RW         1602    .bss                ssd1306.o
    0x20000450        -       0x00000012   Zero   RW         1842    .bss                esp8266_at.o
    0x20000462        -       0x000000cc   Zero   RW         1925    .bss                wifi_uart_if.o
    0x2000052e   0x080056f0   0x00000002   PAD
    0x20000530        -       0x00000400   Zero   RW            1    STACK               startup_stm32l051xx.o


==============================================================================

Image component sizes


      Code (inc. data)   RO Data    RW Data    ZI Data      Debug   Object Name

       694        154          0          8          0      23847   clock.o
       324         88          0         10          0      16107   common.o
       372        100          0          0          0       2659   display.o
        52         14          0          0          0      13618   dma.o
      1358        470        420         24         18      13474   esp8266_at.o
         0          0       8360         16          0       1279   fonts.o
       110          6          0          0          0       8547   gpio.o
       196         22          0          0          0      16695   i2c.o
       116         18          0          0          0      11961   lptim.o
       516         44          0          0          0     254176   main.o
       112         10          0          0          0      32494   rtc.o
       216         94          0          6          0       2072   si7021.o
       688        130          0          0          0      16519   si7021_iic_hw.o
       572         38          0          6       1024       5480   ssd1306.o
       316         60          0          0          0      16279   ssd1306_iic_hw.o
        28          8        192          0       1024        624   startup_stm32l051xx.o
        30          0          0          0          0       3849   stm32l0xx_it.o
       174          0          0          0          0       6871   stm32l0xx_ll_gpio.o
       108          0          0          0          0      14466   stm32l0xx_ll_i2c.o
       416         76          0          0          0      19323   stm32l0xx_ll_rcc.o
       640         22          0          0          0      32911   stm32l0xx_ll_rtc.o
       168         18          0          0          0      21656   stm32l0xx_ll_usart.o
        76         16          0          0          0       6185   stm32l0xx_ll_utils.o
         2          0         33          4          0       1151   system_stm32l0xx.o
       764         76          7          0          0      40564   usart.o
       316         38          7          0        204      38953   wifi_uart_if.o

    ----------------------------------------------------------------------
      8386       1502       9052         76       2272     621760   Object Totals
         0          0         32          0          0          0   (incl. Generated)
        22          0          1          2          2          0   (incl. Padding)

    ----------------------------------------------------------------------

      Code (inc. data)   RO Data    RW Data    ZI Data      Debug   Library Member Name

         0          0          0          0          0          0   entry.o
         0          0          0          0          0          0   entry10a.o
         0          0          0          0          0          0   entry11a.o
         8          4          0          0          0          0   entry2.o
         4          0          0          0          0          0   entry5.o
         0          0          0          0          0          0   entry7b.o
         0          0          0          0          0          0   entry8b.o
         8          4          0          0          0          0   entry9a.o
        30          0          0          0          0          0   handlers.o
        40          0          0          0          0         72   idiv.o
        36          8          0          0          0         68   init.o
         0          0          0          0          0          0   iusefp.o
        32          0          0          0          0         68   llshl.o
        38          0          0          0          0         68   llsshr.o
        34          0          0          0          0         68   llushr.o
        36          0          0          0          0         60   memcpya.o
        36          0          0          0          0        100   memseta.o
      2412        114          0          0          0        772   printfa.o
         0          0          0          4          0          0   stdout.o
        28          0          0          0          0         68   strcmp.o
        40          0          0          0          0         72   strstr.o
        44          0          0          0          0         72   uidiv.o
        96          0          0          0          0         84   uldiv.o
        40          2          0          0          0         68   cdrcmple.o
        56          0          0          0          0         68   d2f.o
       356          4          0          0          0        140   dadd.o
       240          6          0          0          0         84   ddiv.o
       236          0          0          0          0        216   depilogue.o
        64         10          0          0          0         68   dfixul.o
        28          4          0          0          0         68   dfltui.o
       208          6          0          0          0         88   dmul.o
        40          0          0          0          0         60   f2d.o
       178          0          0          0          0        108   fadd.o
       130          0          0          0          0        144   fepilogue.o
        50          0          0          0          0         60   ffixi.o
        40          0          0          0          0         60   ffixui.o
       122          0          0          0          0         72   fmul.o
        24          0          0          0          0         60   fscalb.o

    ----------------------------------------------------------------------
      4738        162          0          4          0       2936   Library Totals
         4          0          0          0          0          0   (incl. Padding)

    ----------------------------------------------------------------------

      Code (inc. data)   RO Data    RW Data    ZI Data      Debug   Library Name

      2922        130          0          4          0       1572   mc_p.l
      1812         32          0          0          0       1364   mf_p.l

    ----------------------------------------------------------------------
      4738        162          0          4          0       2936   Library Totals

    ----------------------------------------------------------------------

==============================================================================


      Code (inc. data)   RO Data    RW Data    ZI Data      Debug   

     13124       1664       9052         80       2272     619164   Grand Totals
     13124       1664       9052         80       2272     619164   ELF Image Totals
     13124       1664       9052         80          0          0   ROM Totals

==============================================================================

    Total RO  Size (Code + RO Data)                22176 (  21.66kB)
    Total RW  Size (RW Data + ZI Data)              2352 (   2.30kB)
    Total ROM Size (Code + RO Data + RW Data)      22256 (  21.73kB)

==============================================================================

